========================================
  海外利益保护情报预警平台 - 后端服务
  版本: 2.0.0 (PostgreSQL)
  端口: 3000
  环境: development
========================================
[2026-08-06T19:56:16.954Z] POST /api/intel/security_events
[2026-08-06T19:56:16.962Z] POST /api/intel/sanctions_data
[2026-08-06T19:56:16.967Z] POST /api/intel/social_unrest
[2026-08-06T19:56:16.969Z] POST /api/intel/osint_intel
[DB] 连接失败: 
[SELF-CLEAN] osint_intel 无需清理，44 条
[SELF-CLEAN] socmint_intel 无需清理，6 条
[AUTO-ENGINE] 自动采集引擎启动 | 深度检索每5分钟 / 社交通道每10分钟
[2026-08-06T19:56:21.370Z] POST /api/intel/military_conflicts
[2026-08-06T19:56:21.386Z] POST /api/intel/public_health
[2026-08-06T19:56:21.396Z] POST /api/intel/sanctions_data
[2026-08-06T19:56:21.404Z] POST /api/intel/sanctions_data
[2026-08-06T19:56:26.372Z] POST /api/intel/social_unrest
[2026-08-06T19:56:26.387Z] POST /api/intel/geopolitical_intel
[2026-08-06T19:56:27.834Z] GET /api/media?status=1
[2026-08-06T19:56:31.372Z] POST /api/intel/geopolitical_intel
[2026-08-06T19:56:32.860Z] GET /api/media?status=1
[2026-08-06T19:56:36.372Z] POST /api/intel/osint_intel
[2026-08-06T19:56:36.387Z] POST /api/intel/osint_intel
[2026-08-06T19:56:37.876Z] GET /api/media?status=1
[2026-08-06T19:56:41.387Z] POST /api/intel/osint_intel
[2026-08-06T19:56:41.404Z] POST /api/intel/sanctions_data
[2026-08-06T19:56:41.415Z] POST /api/intel/osint_intel
[2026-08-06T19:56:42.890Z] GET /api/media?status=1
[2026-08-06T19:56:43.803Z] GET /api/sources
[2026-08-06T19:56:43.806Z] GET /api/social/channels
[2026-08-06T19:56:43.807Z] GET /api/agentkey/status
[2026-08-06T19:56:46.376Z] POST /api/intel/osint_intel
[2026-08-06T19:56:46.408Z] POST /api/intel/osint_intel
[2026-08-06T19:56:46.420Z] POST /api/intel/osint_intel
[2026-08-06T19:56:46.432Z] POST /api/intel/osint_intel
[AUTO-ENGINE crawlAll] starting...
[2026-08-06T19:56:47.910Z] GET /api/media?status=1
[2026-08-06T19:56:52.917Z] GET /api/media?status=1
[2026-08-06T19:56:56.372Z] POST /api/intel/osint_intel
[2026-08-06T19:56:57.926Z] GET /api/media?status=1
[2026-08-06T19:57:01.378Z] POST /api/intel/sanctions_data
[2026-08-06T19:57:02.930Z] GET /api/media?status=1
[2026-08-06T19:57:06.372Z] POST /api/intel/osint_intel
[2026-08-06T19:57:06.385Z] POST /api/intel/osint_intel
[2026-08-06T19:57:06.396Z] POST /api/intel/osint_intel
[2026-08-06T19:57:07.936Z] GET /api/media?status=1
[2026-08-06T19:57:11.372Z] POST /api/intel/natural_disasters
[2026-08-06T19:57:11.391Z] POST /api/intel/osint_intel
[2026-08-06T19:57:11.402Z] POST /api/intel/osint_intel
[2026-08-06T19:57:11.409Z] POST /api/intel/osint_intel
[2026-08-06T19:57:11.414Z] POST /api/intel/osint_intel
[2026-08-06T19:57:12.944Z] GET /api/media?status=1
[2026-08-06T19:57:13.685Z] GET /api/scrape?category=terror_events
[2026-08-06T19:57:13.687Z] GET /api/scrape?category=security_events
[2026-08-06T19:57:13.689Z] GET /api/scrape?category=military_conflicts
[2026-08-06T19:57:13.695Z] GET /api/scrape?category=political_events
[2026-08-06T19:57:13.695Z] GET /api/scrape?category=natural_disasters
[2026-08-06T19:57:13.700Z] GET /api/scrape?category=public_health
[2026-08-06T19:57:13.888Z] GET /api/scrape?category=sanctions_data
[2026-08-06T19:57:13.902Z] GET /api/scrape?category=social_unrest
[TRANSLATE] 并行采集即译：20/20 个字段译成中文
[2026-08-06T19:57:14.718Z] GET /api/scrape?category=infrastructure
[2026-08-06T19:57:14.824Z] GET /api/scrape?category=geopolitical_intel
[TRANSLATE] 并行采集即译：86/86 个字段译成中文
[2026-08-06T19:57:15.387Z] GET /api/scrape?category=osint_intel
[TRANSLATE] 并行采集即译：54/54 个字段译成中文，另本地化国家名 5 条
[2026-08-06T19:57:15.870Z] GET /api/scrape?category=economic_risks
[2026-08-06T19:57:15.957Z] GET /api/media?limit=200
[2026-08-06T19:57:15.959Z] GET /api/scrape?all=1
[AUTO-ENGINE collectSocial] starting...
[TRANSLATE] 并行采集即译：142/142 个字段译成中文
[2026-08-06T19:57:19.707Z] GET /api/sources
[TRANSLATE] 并行采集即译：180/180 个字段译成中文
[TRANSLATE] 并行采集即译：36/36 个字段译成中文
[2026-08-06T19:57:21.826Z] POST /api/intel/sanctions_data
[TRANSLATE] 并行采集即译：484/484 个字段译成中文，另本地化国家名 5 条
[2026-08-06T19:57:26.827Z] POST /api/intel/infrastructure
[2026-08-06T19:57:26.846Z] POST /api/intel/geopolitical_intel
[2026-08-06T19:57:26.864Z] POST /api/intel/osint_intel
[2026-08-06T19:57:26.874Z] POST /api/intel/security_events
[2026-08-06T19:57:31.823Z] POST /api/intel/osint_intel
[2026-08-06T19:57:32.815Z] GET /api/sources
[2026-08-06T19:57:32.984Z] POST /api/intel/infrastructure
[2026-08-06T19:57:33.363Z] POST /api/intel/geopolitical_intel
[2026-08-06T19:57:36.825Z] POST /api/intel/osint_intel
[2026-08-06T19:57:36.831Z] POST /api/intel/osint_intel
[2026-08-06T19:57:36.837Z] POST /api/intel/osint_intel
[2026-08-06T19:57:36.849Z] POST /api/intel/osint_intel
[2026-08-06T19:57:36.862Z] POST /api/intel/osint_intel
[2026-08-06T19:57:41.829Z] POST /api/intel/osint_intel
[2026-08-06T19:57:41.836Z] POST /api/intel/osint_intel
[2026-08-06T19:57:43.826Z] GET /api/sources
[2026-08-06T19:57:46.825Z] POST /api/intel/osint_intel
[TRANSLATE] 并行采集即译：1429/1429 个字段译成中文，另本地化国家名 2 条
[DB] 查询错误: 
[GLOBALMEDIA] 入库异常: 
[GLOBALMEDIA] 直连 RSS 采集完成: 736 条，覆盖 36 国
[2026-08-06T19:57:56.817Z] POST /api/intel/osint_intel
[2026-08-06T19:57:56.826Z] POST /api/intel/military_conflicts
[2026-08-06T19:57:56.840Z] POST /api/intel/osint_intel
[2026-08-06T19:57:56.851Z] POST /api/intel/osint_intel
[2026-08-06T19:58:01.831Z] POST /api/intel/osint_intel
[2026-08-06T19:58:01.842Z] GET /api/scrape?category=terror_events
[2026-08-06T19:58:01.845Z] GET /api/scrape?category=security_events
[2026-08-06T19:58:01.845Z] GET /api/scrape?category=military_conflicts
[2026-08-06T19:58:01.847Z] GET /api/scrape?category=political_events
[2026-08-06T19:58:01.847Z] GET /api/scrape?category=natural_disasters
[2026-08-06T19:58:01.849Z] GET /api/scrape?category=public_health
[2026-08-06T19:58:02.002Z] GET /api/scrape?category=sanctions_data
[2026-08-06T19:58:02.007Z] GET /api/scrape?category=social_unrest
[2026-08-06T19:58:02.039Z] GET /api/scrape?category=infrastructure
[2026-08-06T19:58:02.102Z] GET /api/scrape?category=geopolitical_intel
[2026-08-06T19:58:02.130Z] GET /api/scrape?category=osint_intel
[TRANSLATE] 并行采集即译：36/36 个字段译成中文
[2026-08-06T19:58:02.656Z] GET /api/scrape?category=economic_risks
[2026-08-06T19:58:02.748Z] GET /api/media?limit=200
[2026-08-06T19:58:02.757Z] GET /api/scrape?all=1
[TRANSLATE] 并行采集即译：20/20 个字段译成中文
[TRANSLATE] 并行采集即译：142/142 个字段译成中文
[TRANSLATE] 并行采集即译：54/54 个字段译成中文，另本地化国家名 5 条
[TRANSLATE] 并行采集即译：180/180 个字段译成中文
[TRANSLATE] 并行采集即译：86/86 个字段译成中文
[TRANSLATE] 并行采集即译：486/486 个字段译成中文，另本地化国家名 5 条
[2026-08-06T19:58:06.833Z] POST /api/intel/osint_intel
[2026-08-06T19:58:06.864Z] POST /api/intel/osint_intel
[2026-08-06T19:58:11.815Z] POST /api/intel/osint_intel
[2026-08-06T19:58:11.828Z] POST /api/intel/osint_intel
[2026-08-06T19:58:13.825Z] GET /api/sources
[2026-08-06T19:58:32.830Z] POST /api/intel/osint_intel
[2026-08-06T19:58:32.846Z] POST /api/intel/military_conflicts
[2026-08-06T19:58:32.859Z] POST /api/intel/military_conflicts
[2026-08-06T19:58:32.872Z] POST /api/intel/osint_intel
[2026-08-06T19:58:32.891Z] POST /api/intel/osint_intel
[2026-08-06T19:58:32.913Z] POST /api/intel/osint_intel
[2026-08-06T19:58:32.925Z] POST /api/intel/osint_intel
[2026-08-06T19:58:32.934Z] POST /api/intel/osint_intel
[2026-08-06T19:59:07.471Z] GET /api/intel/public/osint_intel
[DB] 查询错误: 
[PUBLIC] PostgreSQL 不可用，降级读取文件缓存: 
[AUTO-ENGINE collectSocial] fulltext: {"total":3,"ok":1,"fail":2,"skipped":28,"chars":3225,"sec":"9.0"}
[AUTO-ENGINE collectSocial] done in 120.1s | fetched=33 linked=31
[AUTO-ENGINE] 新鲜度闸门剔除 22 条陈旧情报 from collectSocial
[TRANSLATE] 采集即译完成：成功 9 条，失败 0 条
[MERGE] osint_intel 新增 0 条（本批 9），缓存现 44 条
[AUTO-ENGINE] merged 0 /33 from collectSocial → cache now 44
[2026-08-06T19:59:32.828Z] POST /api/intel/osint_intel
[2026-08-06T19:59:32.845Z] POST /api/intel/military_conflicts
[2026-08-06T19:59:32.868Z] POST /api/intel/osint_intel
[2026-08-06T19:59:32.887Z] POST /api/intel/osint_intel
[2026-08-06T19:59:32.904Z] POST /api/intel/osint_intel
[2026-08-06T19:59:32.913Z] POST /api/intel/osint_intel
[2026-08-06T19:59:32.921Z] POST /api/intel/osint_intel
[2026-08-06T19:59:32.933Z] POST /api/intel/osint_intel
[2026-08-06T19:59:32.953Z] POST /api/intel/infrastructure
[2026-08-06T19:59:33.006Z] POST /api/intel/osint_intel
[2026-08-06T19:59:33.015Z] POST /api/intel/osint_intel
[2026-08-06T19:59:33.029Z] POST /api/intel/military_conflicts
[2026-08-06T19:59:33.066Z] POST /api/intel/osint_intel
[2026-08-06T19:59:33.073Z] POST /api/intel/osint_intel
[2026-08-06T19:59:33.085Z] POST /api/intel/osint_intel
[2026-08-06T19:59:33.097Z] POST /api/intel/osint_intel
[2026-08-06T19:59:33.105Z] POST /api/intel/osint_intel
[2026-08-06T19:59:33.117Z] POST /api/intel/osint_intel
[2026-08-06T19:59:33.140Z] POST /api/intel/osint_intel
[2026-08-06T19:59:33.151Z] POST /api/intel/osint_intel
[2026-08-06T19:59:33.182Z] POST /api/intel/geopolitical_intel
[2026-08-06T19:59:33.198Z] POST /api/intel/geopolitical_intel
[2026-08-06T19:59:33.211Z] POST /api/intel/geopolitical_intel
[2026-08-06T19:59:33.248Z] POST /api/intel/osint_intel
[2026-08-06T19:59:33.264Z] POST /api/intel/osint_intel
[2026-08-06T19:59:33.273Z] POST /api/intel/osint_intel
[2026-08-06T19:59:33.294Z] POST /api/intel/osint_intel
[2026-08-06T19:59:33.308Z] GET /api/sources
[2026-08-06T19:59:34.225Z] POST /api/intel/geopolitical_intel
[2026-08-06T19:59:34.287Z] POST /api/intel/geopolitical_intel
[2026-08-06T19:59:34.326Z] POST /api/intel/geopolitical_intel
[AUTO-ENGINE crawlAll] fulltext: {"total":4,"ok":1,"fail":3,"skipped":0,"chars":3223,"resolved":1,"sec":"4.0"}
[AUTO-ENGINE crawlAll] done in 194.8s | fetched=86 linked=4
[AUTO-ENGINE] 新鲜度闸门剔除 1 条陈旧情报 from crawlAll
[2026-08-06T20:00:01.829Z] GET /api/scrape?category=terror_events
[2026-08-06T20:00:01.829Z] GET /api/scrape?category=security_events
[2026-08-06T20:00:01.830Z] GET /api/scrape?category=military_conflicts
[2026-08-06T20:00:01.832Z] GET /api/scrape?category=political_events
[2026-08-06T20:00:01.832Z] GET /api/scrape?category=natural_disasters
[2026-08-06T20:00:01.833Z] GET /api/scrape?category=public_health
[2026-08-06T20:00:02.058Z] GET /api/scrape?category=sanctions_data
[2026-08-06T20:00:02.076Z] GET /api/scrape?category=social_unrest
[2026-08-06T20:00:02.084Z] GET /api/scrape?category=infrastructure
[2026-08-06T20:00:02.254Z] GET /api/scrape?category=geopolitical_intel
[2026-08-06T20:00:02.264Z] GET /api/scrape?category=osint_intel
[TRANSLATE] 并行采集即译：36/36 个字段译成中文
[2026-08-06T20:00:02.839Z] GET /api/scrape?category=economic_risks
[TRANSLATE] 并行采集即译：20/20 个字段译成中文
[2026-08-06T20:00:02.883Z] GET /api/media?limit=200
[2026-08-06T20:00:02.889Z] GET /api/scrape?all=1
[TRANSLATE] 采集即译完成：成功 3 条，失败 0 条
[MERGE] osint_intel 新增 1 条（本批 3），缓存现 45 条
[AUTO-ENGINE] merged 1 /86 from crawlAll → cache now 45
[TRANSLATE] 并行采集即译：142/142 个字段译成中文
[TRANSLATE] 并行采集即译：58/58 个字段译成中文
[TRANSLATE] 并行采集即译：54/54 个字段译成中文，另本地化国家名 5 条
[TRANSLATE] 并行采集即译：180/180 个字段译成中文
[TRANSLATE] 并行采集即译：486/486 个字段译成中文，另本地化国家名 5 条
[2026-08-06T20:00:32.832Z] POST /api/intel/public_health
[2026-08-06T20:00:32.859Z] POST /api/intel/osint_intel
[2026-08-06T20:00:32.884Z] POST /api/intel/military_conflicts
[2026-08-06T20:00:32.928Z] POST /api/intel/public_health
[2026-08-06T20:00:32.943Z] POST /api/intel/osint_intel
[2026-08-06T20:00:33.001Z] POST /api/intel/osint_intel
[2026-08-06T20:00:33.012Z] POST /api/intel/osint_intel
[2026-08-06T20:00:33.021Z] POST /api/intel/osint_intel
[2026-08-06T20:00:33.053Z] POST /api/intel/geopolitical_intel
[2026-08-06T20:00:33.073Z] POST /api/intel/osint_intel
[2026-08-06T20:00:33.087Z] POST /api/intel/osint_intel
[2026-08-06T20:00:33.094Z] POST /api/intel/osint_intel
[2026-08-06T20:00:33.104Z] POST /api/intel/geopolitical_intel
[2026-08-06T20:00:33.116Z] POST /api/intel/osint_intel
[2026-08-06T20:00:33.141Z] POST /api/intel/osint_intel
[2026-08-06T20:00:33.156Z] GET /api/sources
[2026-08-06T20:01:09.616Z] GET /api/scrape?category=osint_intel
[TRANSLATE] 并行采集即译：36/36 个字段译成中文
[AUTO-ENGINE crawlAll] starting...
[AUTO-ENGINE crawlAll] fulltext: {"total":2,"ok":1,"fail":1,"skipped":0,"chars":3223,"sec":"0.2"}
[AUTO-ENGINE crawlAll] done in 6.8s | fetched=40 linked=2
[AUTO-ENGINE] 新鲜度闸门剔除 1 条陈旧情报 from crawlAll
[TRANSLATE] 采集即译完成：成功 1 条，失败 0 条
[MERGE] osint_intel 新增 0 条（本批 1），缓存现 45 条
[AUTO-ENGINE] merged 0 /40 from crawlAll → cache now 45
[2026-08-06T20:01:32.841Z] POST /api/intel/military_conflicts
[2026-08-06T20:01:32.854Z] POST /api/intel/osint_intel
[2026-08-06T20:01:32.868Z] POST /api/intel/osint_intel
[2026-08-06T20:01:32.922Z] POST /api/intel/osint_intel
[2026-08-06T20:01:32.937Z] POST /api/intel/osint_intel
[2026-08-06T20:01:32.945Z] POST /api/intel/osint_intel
[2026-08-06T20:01:32.966Z] POST /api/intel/osint_intel
[2026-08-06T20:01:32.985Z] POST /api/intel/osint_intel
[2026-08-06T20:01:32.998Z] POST /api/intel/osint_intel
[2026-08-06T20:01:33.013Z] POST /api/intel/osint_intel
[2026-08-06T20:01:33.036Z] POST /api/intel/osint_intel
[2026-08-06T20:01:33.057Z] POST /api/intel/geopolitical_intel
[2026-08-06T20:01:33.074Z] POST /api/intel/osint_intel
[2026-08-06T20:01:33.100Z] POST /api/intel/osint_intel
[2026-08-06T20:01:33.118Z] GET /api/sources
[2026-08-06T20:01:38.223Z] GET /api/media?limit=5
[2026-08-06T20:01:51.780Z] GET /api/sources
[2026-08-06T20:02:01.824Z] GET /api/scrape?category=terror_events
[2026-08-06T20:02:01.824Z] GET /api/scrape?category=security_events
[2026-08-06T20:02:01.825Z] GET /api/scrape?category=military_conflicts
[2026-08-06T20:02:01.827Z] GET /api/scrape?category=political_events
[2026-08-06T20:02:01.827Z] GET /api/scrape?category=natural_disasters
[2026-08-06T20:02:01.829Z] GET /api/scrape?category=public_health
[2026-08-06T20:02:02.022Z] GET /api/scrape?category=sanctions_data
[2026-08-06T20:02:02.066Z] GET /api/scrape?category=social_unrest
[TRANSLATE] 并行采集即译：20/20 个字段译成中文
[2026-08-06T20:02:02.825Z] GET /api/scrape?category=infrastructure
[2026-08-06T20:02:02.918Z] GET /api/scrape?category=geopolitical_intel
[TRANSLATE] 并行采集即译：86/86 个字段译成中文
[2026-08-06T20:02:03.414Z] GET /api/scrape?category=osint_intel
[TRANSLATE] 并行采集即译：54/54 个字段译成中文，另本地化国家名 5 条
[2026-08-06T20:02:04.312Z] GET /api/scrape?category=economic_risks
[TRANSLATE] 并行采集即译：38/38 个字段译成中文
[2026-08-06T20:02:04.389Z] GET /api/media?limit=200
[2026-08-06T20:02:04.394Z] GET /api/scrape?all=1
[TRANSLATE] 并行采集即译：142/142 个字段译成中文
[TRANSLATE] 并行采集即译：180/180 个字段译成中文
[TRANSLATE] 并行采集即译：488/488 个字段译成中文，另本地化国家名 5 条
[2026-08-06T20:02:32.829Z] GET /api/scrape?category=terror_events
[2026-08-06T20:02:32.829Z] GET /api/scrape?category=security_events
[2026-08-06T20:02:32.829Z] GET /api/scrape?category=military_conflicts
[2026-08-06T20:02:32.831Z] GET /api/scrape?category=political_events
[2026-08-06T20:02:32.831Z] GET /api/scrape?category=natural_disasters
[2026-08-06T20:02:32.833Z] GET /api/scrape?category=public_health
[2026-08-06T20:02:33.070Z] GET /api/scrape?category=sanctions_data
[2026-08-06T20:02:33.074Z] GET /api/scrape?category=social_unrest
[2026-08-06T20:02:33.106Z] GET /api/scrape?category=infrastructure
[2026-08-06T20:02:33.165Z] GET /api/scrape?category=geopolitical_intel
[2026-08-06T20:02:33.201Z] GET /api/scrape?category=osint_intel
[TRANSLATE] 并行采集即译：142/142 个字段译成中文
[2026-08-06T20:02:33.280Z] GET /api/scrape?category=economic_risks
[2026-08-06T20:02:33.368Z] GET /api/media?limit=200
[2026-08-06T20:02:33.374Z] GET /api/scrape?all=1
[TRANSLATE] 并行采集即译：38/38 个字段译成中文
[2026-08-06T20:02:33.818Z] POST /api/intel/public_health
[2026-08-06T20:02:33.819Z] POST /api/intel/osint_intel
[2026-08-06T20:02:33.820Z] POST /api/intel/military_conflicts
[2026-08-06T20:02:33.821Z] POST /api/intel/osint_intel
[2026-08-06T20:02:33.822Z] POST /api/intel/infrastructure
[2026-08-06T20:02:33.823Z] POST /api/intel/public_health
[2026-08-06T20:02:33.824Z] POST /api/intel/military_conflicts
[2026-08-06T20:02:33.825Z] POST /api/intel/military_conflicts
[2026-08-06T20:02:33.826Z] POST /api/intel/osint_intel
[2026-08-06T20:02:33.828Z] POST /api/intel/osint_intel
[2026-08-06T20:02:33.829Z] POST /api/intel/osint_intel
[2026-08-06T20:02:33.830Z] POST /api/intel/geopolitical_intel
[2026-08-06T20:02:33.832Z] POST /api/intel/osint_intel
[2026-08-06T20:02:33.835Z] POST /api/intel/osint_intel
[2026-08-06T20:02:33.836Z] POST /api/intel/osint_intel
[2026-08-06T20:02:33.838Z] POST /api/intel/osint_intel
[2026-08-06T20:02:33.839Z] POST /api/intel/osint_intel
[2026-08-06T20:02:33.840Z] POST /api/intel/osint_intel
[2026-08-06T20:02:33.841Z] POST /api/intel/osint_intel
[2026-08-06T20:02:33.842Z] POST /api/intel/osint_intel
[2026-08-06T20:02:33.843Z] GET /api/sources
[2026-08-06T20:02:33.847Z] POST /api/intel/military_conflicts
[2026-08-06T20:02:33.848Z] POST /api/intel/terror_events
[TRANSLATE] 并行采集即译：58/58 个字段译成中文
[TRANSLATE] 并行采集即译：54/54 个字段译成中文，另本地化国家名 5 条
[TRANSLATE] 并行采集即译：180/180 个字段译成中文
[TRANSLATE] 并行采集即译：20/20 个字段译成中文
[TRANSLATE] 并行采集即译：488/488 个字段译成中文，另本地化国家名 5 条
[2026-08-06T20:03:00.401Z] GET /api/media?limit=2
[2026-08-06T20:03:32.834Z] POST /api/intel/military_conflicts
[2026-08-06T20:03:32.878Z] POST /api/intel/osint_intel
[2026-08-06T20:03:32.898Z] POST /api/intel/osint_intel
[2026-08-06T20:03:32.954Z] POST /api/intel/infrastructure
[2026-08-06T20:03:33.017Z] POST /api/intel/osint_intel
[2026-08-06T20:03:33.041Z] POST /api/intel/osint_intel
[2026-08-06T20:03:33.064Z] POST /api/intel/terror_events
[2026-08-06T20:03:33.085Z] POST /api/intel/infrastructure
[2026-08-06T20:03:33.097Z] POST /api/intel/osint_intel
[2026-08-06T20:03:33.108Z] POST /api/intel/osint_intel
[2026-08-06T20:03:33.127Z] POST /api/intel/osint_intel
[2026-08-06T20:03:33.148Z] POST /api/intel/osint_intel
[2026-08-06T20:03:33.170Z] POST /api/intel/osint_intel
[2026-08-06T20:03:33.188Z] POST /api/intel/osint_intel
[2026-08-06T20:03:33.209Z] POST /api/intel/osint_intel
[2026-08-06T20:03:33.221Z] POST /api/intel/osint_intel
[2026-08-06T20:03:33.230Z] POST /api/intel/osint_intel
[2026-08-06T20:03:33.253Z] GET /api/sources
[2026-08-06T20:03:36.008Z] GET /api/media?limit=1
[2026-08-06T20:03:41.965Z] GET /api/media?limit=1
[2026-08-06T20:04:32.826Z] GET /api/sources
[2026-08-06T20:04:32.844Z] POST /api/intel/osint_intel
[2026-08-06T20:04:32.863Z] POST /api/intel/osint_intel
[2026-08-06T20:04:32.888Z] POST /api/intel/public_health
[2026-08-06T20:04:32.941Z] POST /api/intel/osint_intel
[2026-08-06T20:04:32.958Z] POST /api/intel/military_conflicts
[2026-08-06T20:04:32.977Z] POST /api/intel/osint_intel
[2026-08-06T20:04:33.028Z] POST /api/intel/military_conflicts
[2026-08-06T20:04:33.104Z] GET /api/sources
[2026-08-06T20:04:33.106Z] POST /api/intel/osint_intel
[2026-08-06T20:04:33.114Z] GET /api/scrape?category=terror_events
[2026-08-06T20:04:33.116Z] GET /api/scrape?category=security_events
[2026-08-06T20:04:33.119Z] GET /api/scrape?category=military_conflicts
[2026-08-06T20:04:33.122Z] GET /api/scrape?category=political_events
[2026-08-06T20:04:33.122Z] GET /api/scrape?category=natural_disasters
[2026-08-06T20:04:33.125Z] GET /api/scrape?category=public_health
[2026-08-06T20:04:33.258Z] GET /api/scrape?category=sanctions_data
[2026-08-06T20:04:33.262Z] GET /api/scrape?category=social_unrest
[2026-08-06T20:04:33.278Z] GET /api/scrape?category=infrastructure
[2026-08-06T20:04:33.351Z] GET /api/scrape?category=geopolitical_intel
[2026-08-06T20:04:33.361Z] GET /api/scrape?category=osint_intel
[TRANSLATE] 并行采集即译：38/38 个字段译成中文
[2026-08-06T20:04:33.988Z] GET /api/scrape?category=economic_risks
[2026-08-06T20:04:34.080Z] GET /api/media?limit=200
[2026-08-06T20:04:34.087Z] GET /api/scrape?all=1
[TRANSLATE] 并行采集即译：54/54 个字段译成中文，另本地化国家名 5 条
[2026-08-06T20:04:34.495Z] POST /api/intel/osint_intel
[2026-08-06T20:04:34.496Z] POST /api/intel/osint_intel
[2026-08-06T20:04:34.497Z] POST /api/intel/infrastructure
[2026-08-06T20:04:34.499Z] POST /api/intel/military_conflicts
[2026-08-06T20:04:34.500Z] POST /api/intel/osint_intel
[2026-08-06T20:04:34.501Z] POST /api/intel/military_conflicts
[2026-08-06T20:04:34.503Z] POST /api/intel/military_conflicts
[2026-08-06T20:04:34.504Z] POST /api/intel/osint_intel
[2026-08-06T20:04:34.505Z] POST /api/intel/osint_intel
[2026-08-06T20:04:34.506Z] POST /api/intel/geopolitical_intel
[TRANSLATE] 并行采集即译：180/180 个字段译成中文
[TRANSLATE] 并行采集即译：142/142 个字段译成中文
[TRANSLATE] 并行采集即译：86/86 个字段译成中文
[TRANSLATE] 并行采集即译：20/20 个字段译成中文
[TRANSLATE] 并行采集即译：488/488 个字段译成中文，另本地化国家名 5 条
