========================================
  海外利益保护情报预警平台 - 后端服务
  版本: 2.0.0 (PostgreSQL)
  端口: 3000
  环境: development
========================================
[DB] 连接失败: 
[SELF-CLEAN] osint_intel 无需清理，45 条
[SELF-CLEAN] socmint_intel 无需清理，6 条
[AUTO-ENGINE] 自动采集引擎启动 | 深度检索每5分钟 / 社交通道每10分钟
[2026-08-06T20:05:15.602Z] GET /api/media?status=1
[2026-08-06T20:05:20.629Z] GET /api/media?status=1
[2026-08-06T20:05:25.642Z] GET /api/media?status=1
[2026-08-06T20:05:30.647Z] GET /api/media?status=1
[AUTO-ENGINE crawlAll] starting...
[2026-08-06T20:05:32.891Z] POST /api/intel/infrastructure
[2026-08-06T20:05:33.012Z] POST /api/intel/infrastructure
[2026-08-06T20:05:33.141Z] GET /api/sources
[2026-08-06T20:05:35.660Z] GET /api/media?status=1
[2026-08-06T20:05:40.670Z] GET /api/media?status=1
[2026-08-06T20:05:45.678Z] GET /api/media?status=1
[2026-08-06T20:05:50.693Z] GET /api/media?status=1
[2026-08-06T20:05:55.702Z] GET /api/media?status=1
[2026-08-06T20:06:00.718Z] GET /api/media?status=1
[AUTO-ENGINE collectSocial] starting...
[2026-08-06T20:06:05.724Z] GET /api/media?status=1
[2026-08-06T20:06:10.742Z] GET /api/media?status=1
[2026-08-06T20:06:33.034Z] GET /api/sources
[2026-08-06T20:06:33.039Z] GET /api/scrape?category=terror_events
[2026-08-06T20:06:33.040Z] GET /api/scrape?category=security_events
[2026-08-06T20:06:33.041Z] GET /api/scrape?category=military_conflicts
[2026-08-06T20:06:33.047Z] GET /api/scrape?category=political_events
[2026-08-06T20:06:33.047Z] GET /api/scrape?category=natural_disasters
[2026-08-06T20:06:33.051Z] GET /api/scrape?category=public_health
[2026-08-06T20:06:33.223Z] GET /api/scrape?category=sanctions_data
[2026-08-06T20:06:33.224Z] GET /api/scrape?category=social_unrest
[TRANSLATE] 并行采集即译：1427/1427 个字段译成中文，另本地化国家名 2 条
[DB] 查询错误: 
[GLOBALMEDIA] 入库异常: 
[GLOBALMEDIA] 直连 RSS 采集完成: 735 条，覆盖 36 国
[TRANSLATE] 并行采集即译：54/54 个字段译成中文，另本地化国家名 5 条
[2026-08-06T20:06:35.382Z] GET /api/scrape?category=infrastructure
[2026-08-06T20:06:35.463Z] GET /api/scrape?category=geopolitical_intel
[TRANSLATE] 并行采集即译：142/142 个字段译成中文
[2026-08-06T20:06:39.061Z] GET /api/scrape?category=osint_intel
[2026-08-06T20:06:39.067Z] GET /api/scrape?category=economic_risks
[2026-08-06T20:06:39.231Z] GET /api/media?limit=200
[2026-08-06T20:06:39.237Z] GET /api/scrape?all=1
[TRANSLATE] 并行采集即译：86/86 个字段译成中文
[TRANSLATE] 并行采集即译：180/180 个字段译成中文
[TRANSLATE] 并行采集即译：38/38 个字段译成中文
[TRANSLATE] 并行采集即译：488/488 个字段译成中文，另本地化国家名 5 条
[2026-08-06T20:07:31.742Z] GET /api/scrape?category=terror_events
[2026-08-06T20:07:31.742Z] GET /api/scrape?category=security_events
[2026-08-06T20:07:31.742Z] GET /api/scrape?category=military_conflicts
[2026-08-06T20:07:31.743Z] GET /api/scrape?category=political_events
[2026-08-06T20:07:31.744Z] GET /api/scrape?category=natural_disasters
[2026-08-06T20:07:31.745Z] GET /api/scrape?category=public_health
[2026-08-06T20:07:31.878Z] GET /api/scrape?category=sanctions_data
[2026-08-06T20:07:31.887Z] GET /api/scrape?category=social_unrest
[2026-08-06T20:07:31.887Z] GET /api/scrape?category=infrastructure
[2026-08-06T20:07:31.980Z] GET /api/scrape?category=geopolitical_intel
[2026-08-06T20:07:31.988Z] GET /api/scrape?category=osint_intel
[TRANSLATE] 并行采集即译：142/142 个字段译成中文
[2026-08-06T20:07:32.282Z] GET /api/scrape?category=economic_risks
[2026-08-06T20:07:32.370Z] GET /api/media?limit=200
[2026-08-06T20:07:32.374Z] GET /api/scrape?all=1
[TRANSLATE] 并行采集即译：38/38 个字段译成中文
[2026-08-06T20:07:32.821Z] POST /api/intel/osint_intel
[2026-08-06T20:07:32.855Z] POST /api/intel/military_conflicts
[2026-08-06T20:07:32.875Z] POST /api/intel/infrastructure
[2026-08-06T20:07:32.914Z] POST /api/intel/osint_intel
[2026-08-06T20:07:32.941Z] POST /api/intel/military_conflicts
[2026-08-06T20:07:32.977Z] POST /api/intel/geopolitical_intel
[2026-08-06T20:07:33.001Z] POST /api/intel/geopolitical_intel
[2026-08-06T20:07:33.056Z] GET /api/sources
[2026-08-06T20:07:33.195Z] POST /api/intel/military_conflicts
[2026-08-06T20:07:33.221Z] POST /api/intel/military_conflicts
[TRANSLATE] 并行采集即译：58/58 个字段译成中文
[2026-08-06T20:07:33.280Z] POST /api/intel/military_conflicts
[TRANSLATE] 并行采集即译：54/54 个字段译成中文，另本地化国家名 5 条
[TRANSLATE] 并行采集即译：180/180 个字段译成中文
[TRANSLATE] 并行采集即译：488/488 个字段译成中文，另本地化国家名 5 条
[AUTO-ENGINE collectSocial] fulltext: {"total":5,"ok":2,"fail":3,"skipped":24,"chars":5125,"sec":"9.0"}
[AUTO-ENGINE collectSocial] done in 127.2s | fetched=31 linked=29
[AUTO-ENGINE] 新鲜度闸门剔除 19 条陈旧情报 from collectSocial
[TRANSLATE] 采集即译完成：成功 10 条，失败 0 条
[MERGE] osint_intel 新增 0 条（本批 10），缓存现 45 条
[AUTO-ENGINE] merged 0 /31 from collectSocial → cache now 45
[2026-08-06T20:08:32.839Z] POST /api/intel/military_conflicts
[2026-08-06T20:08:32.924Z] POST /api/intel/geopolitical_intel
[2026-08-06T20:08:32.970Z] GET /api/sources
[2026-08-06T20:08:32.976Z] GET /api/scrape?category=terror_events
[2026-08-06T20:08:32.977Z] GET /api/scrape?category=security_events
[2026-08-06T20:08:32.978Z] GET /api/scrape?category=military_conflicts
[2026-08-06T20:08:32.982Z] GET /api/scrape?category=political_events
[2026-08-06T20:08:32.982Z] GET /api/scrape?category=natural_disasters
[2026-08-06T20:08:32.984Z] GET /api/scrape?category=public_health
[2026-08-06T20:08:33.165Z] GET /api/scrape?category=sanctions_data
[2026-08-06T20:08:33.178Z] GET /api/scrape?category=social_unrest
[2026-08-06T20:08:33.248Z] GET /api/scrape?category=infrastructure
[2026-08-06T20:08:33.327Z] GET /api/scrape?category=geopolitical_intel
[TRANSLATE] 并行采集即译：54/54 个字段译成中文，另本地化国家名 5 条
[2026-08-06T20:08:34.129Z] GET /api/scrape?category=osint_intel
[TRANSLATE] 并行采集即译：38/38 个字段译成中文
[2026-08-06T20:08:34.631Z] GET /api/scrape?category=economic_risks
[2026-08-06T20:08:34.713Z] GET /api/media?limit=200
[2026-08-06T20:08:34.717Z] GET /api/scrape?all=1
[TRANSLATE] 并行采集即译：180/180 个字段译成中文
[TRANSLATE] 并行采集即译：86/86 个字段译成中文
[TRANSLATE] 并行采集即译：142/142 个字段译成中文
[TRANSLATE] 并行采集即译：468/468 个字段译成中文，另本地化国家名 5 条
[AUTO-ENGINE crawlAll] fulltext: {"total":3,"ok":1,"fail":2,"skipped":0,"chars":3223,"sec":"0.2"}
[AUTO-ENGINE crawlAll] done in 190.3s | fetched=87 linked=3
[AUTO-ENGINE] 新鲜度闸门剔除 1 条陈旧情报 from crawlAll
[2026-08-06T20:08:43.684Z] POST /api/intel/military_conflicts
[2026-08-06T20:08:43.689Z] POST /api/intel/military_conflicts
[2026-08-06T20:08:43.708Z] POST /api/intel/military_conflicts
[2026-08-06T20:08:43.721Z] POST /api/intel/military_conflicts
[2026-08-06T20:08:43.812Z] GET /api/sources
[TRANSLATE] 采集即译完成：成功 2 条，失败 0 条
[MERGE] osint_intel 新增 0 条（本批 2），缓存现 45 条
[AUTO-ENGINE] merged 0 /87 from crawlAll → cache now 45
[2026-08-06T20:08:52.208Z] GET /api/media?limit=1
[2026-08-06T20:09:13.823Z] GET /api/sources
[2026-08-06T20:09:21.826Z] POST /api/intel/military_conflicts
[2026-08-06T20:09:21.863Z] POST /api/intel/terror_events
[2026-08-06T20:09:27.448Z] GET /api/sources
[2026-08-06T20:09:43.822Z] GET /api/sources
[AUTO-ENGINE crawlAll] starting...
[AUTO-ENGINE crawlAll] fulltext: {"total":2,"ok":1,"fail":1,"skipped":0,"chars":3223,"sec":"0.1"}
[AUTO-ENGINE crawlAll] done in 6.9s | fetched=83 linked=2
[AUTO-ENGINE] 新鲜度闸门剔除 1 条陈旧情报 from crawlAll
[TRANSLATE] 采集即译完成：成功 1 条，失败 0 条
[MERGE] osint_intel 新增 0 条（本批 1），缓存现 45 条
[AUTO-ENGINE] merged 0 /83 from crawlAll → cache now 45
[2026-08-06T20:10:32.831Z] POST /api/intel/military_conflicts
[2026-08-06T20:10:32.857Z] POST /api/intel/military_conflicts
[2026-08-06T20:10:32.907Z] POST /api/intel/military_conflicts
[2026-08-06T20:10:32.930Z] POST /api/intel/military_conflicts
[2026-08-06T20:10:33.009Z] GET /api/scrape?category=security_events
[2026-08-06T20:10:33.010Z] GET /api/scrape?category=natural_disasters
[2026-08-06T20:10:33.012Z] GET /api/scrape?category=terror_events
[2026-08-06T20:10:33.013Z] GET /api/scrape?category=political_events
[2026-08-06T20:10:33.013Z] GET /api/scrape?category=military_conflicts
[2026-08-06T20:10:33.014Z] GET /api/scrape?category=public_health
[2026-08-06T20:10:33.182Z] GET /api/scrape?category=sanctions_data
[2026-08-06T20:10:33.190Z] GET /api/scrape?category=social_unrest
[2026-08-06T20:10:33.190Z] GET /api/scrape?category=infrastructure
[2026-08-06T20:10:33.271Z] GET /api/scrape?category=geopolitical_intel
[2026-08-06T20:10:33.284Z] GET /api/scrape?category=economic_risks
[TRANSLATE] 并行采集即译：142/142 个字段译成中文
[2026-08-06T20:10:33.404Z] GET /api/media?limit=200
[2026-08-06T20:10:33.406Z] GET /api/scrape?category=osint_intel
[2026-08-06T20:10:33.414Z] GET /api/sources
[2026-08-06T20:10:33.417Z] GET /api/scrape?all=1
[TRANSLATE] 并行采集即译：54/54 个字段译成中文，另本地化国家名 5 条
[TRANSLATE] 并行采集即译：86/86 个字段译成中文
[TRANSLATE] 并行采集即译：20/20 个字段译成中文
[TRANSLATE] 并行采集即译：180/180 个字段译成中文
[TRANSLATE] 并行采集即译：38/38 个字段译成中文
[TRANSLATE] 并行采集即译：488/488 个字段译成中文，另本地化国家名 5 条
[2026-08-06T20:11:26.685Z] GET /api/scrape?category=terror_events
[2026-08-06T20:11:26.685Z] GET /api/scrape?category=security_events
[2026-08-06T20:11:26.685Z] GET /api/scrape?category=military_conflicts
[2026-08-06T20:11:26.686Z] GET /api/scrape?category=political_events
[2026-08-06T20:11:26.687Z] GET /api/scrape?category=natural_disasters
[2026-08-06T20:11:26.688Z] GET /api/scrape?category=public_health
[2026-08-06T20:11:26.821Z] GET /api/scrape?category=sanctions_data
[2026-08-06T20:11:26.844Z] GET /api/scrape?category=social_unrest
[2026-08-06T20:11:26.849Z] GET /api/scrape?category=infrastructure
[2026-08-06T20:11:26.931Z] GET /api/scrape?category=geopolitical_intel
[2026-08-06T20:11:26.945Z] GET /api/scrape?category=osint_intel
[TRANSLATE] 并行采集即译：142/142 个字段译成中文
[2026-08-06T20:11:27.450Z] GET /api/scrape?category=economic_risks
[TRANSLATE] 并行采集即译：38/38 个字段译成中文
[2026-08-06T20:11:27.480Z] GET /api/media?limit=200
[2026-08-06T20:11:27.484Z] GET /api/scrape?all=1
[2026-08-06T20:11:28.243Z] POST /api/intel/geopolitical_intel
[2026-08-06T20:11:28.277Z] POST /api/intel/geopolitical_intel
[TRANSLATE] 并行采集即译：180/180 个字段译成中文
[2026-08-06T20:11:32.841Z] POST /api/intel/military_conflicts
[TRANSLATE] 并行采集即译：20/20 个字段译成中文
[2026-08-06T20:11:33.079Z] GET /api/sources
