========================================
  海外利益保护情报预警平台 - 后端服务
  版本: 2.0.0 (PostgreSQL)
  端口: 3000
  环境: development
========================================
[DB] 连接失败: 
[SELF-CLEAN] osint_intel 无需清理，43 条
[SELF-CLEAN] socmint_intel 剔除重复 0、导航噪声 0、评论/论述 0、商业榜单 0、未关联 0、陈旧 1 条，保留 6 条
[AUTO-ENGINE] 自动采集引擎启动 | 深度检索每5分钟 / 社交通道每10分钟
[2026-08-06T17:43:33.433Z] GET /api/media?status
[2026-08-06T17:43:33.790Z] GET /api/media?limit=5
[2026-08-06T17:43:49.425Z] GET /api/media?status
[AUTO-ENGINE crawlAll] starting...
[2026-08-06T17:43:59.450Z] GET /api/media?status
[2026-08-06T17:44:09.469Z] GET /api/media?status
[2026-08-06T17:44:19.475Z] GET /api/media?status
[AUTO-ENGINE collectSocial] starting...
[2026-08-06T17:44:29.497Z] GET /api/media?status
[2026-08-06T17:44:39.519Z] GET /api/media?status
[2026-08-06T17:44:49.538Z] GET /api/media?status
[2026-08-06T17:44:59.545Z] GET /api/media?status
[TRANSLATE] 并行采集即译：470/470 个字段译成中文，另本地化国家名 2 条
[GLOBALMEDIA] 直连 RSS 采集完成: 235 条，覆盖 10 国
[2026-08-06T17:45:09.552Z] GET /api/media?status
[2026-08-06T17:45:09.563Z] GET /api/media?limit=6
