========================================
  海外利益保护情报预警平台 - 后端服务
  版本: 2.0.0 (PostgreSQL)
  端口: 3000
  环境: development
========================================
[DB] 连接失败: 
[SELF-CLEAN] osint_intel 无需清理，43 条
[SELF-CLEAN] socmint_intel 无需清理，6 条
[AUTO-ENGINE] 自动采集引擎启动 | 深度检索每5分钟 / 社交通道每10分钟
[2026-08-06T17:46:43.997Z] GET /api/media?status
[2026-08-06T17:46:54.021Z] GET /api/media?status
[AUTO-ENGINE crawlAll] starting...
[2026-08-06T17:47:04.037Z] GET /api/media?status
[2026-08-06T17:47:14.043Z] GET /api/media?status
[2026-08-06T17:47:24.055Z] GET /api/media?status
[AUTO-ENGINE collectSocial] starting...
[2026-08-06T17:47:34.071Z] GET /api/media?status
[2026-08-06T17:47:44.085Z] GET /api/media?status
[2026-08-06T17:47:54.100Z] GET /api/media?status
[TRANSLATE] 并行采集即译：621/621 个字段译成中文，另本地化国家名 2 条
[GLOBALMEDIA] 直连 RSS 采集完成: 333 条，覆盖 12 国
[2026-08-06T17:48:04.116Z] GET /api/media?status
[2026-08-06T17:48:14.140Z] GET /api/media?status
[2026-08-06T17:48:14.149Z] GET /api/media?limit=300
[2026-08-06T17:48:26.689Z] GET /api/media?refresh=gdelt
[2026-08-06T17:48:36.706Z] GET /api/media?status
[2026-08-06T17:48:46.735Z] GET /api/media?status
[2026-08-06T17:48:56.746Z] GET /api/media?status
[2026-08-06T17:49:06.767Z] GET /api/media?status
[2026-08-06T17:49:16.778Z] GET /api/media?status
[2026-08-06T17:49:26.794Z] GET /api/media?status
[AUTO-ENGINE crawlAll] fulltext: {"total":3,"ok":1,"fail":2,"skipped":1,"chars":3223,"sec":"0.2"}
[AUTO-ENGINE crawlAll] done in 148.3s | fetched=44 linked=4
[AUTO-ENGINE] 新鲜度闸门剔除 1 条陈旧情报 from crawlAll
[TRANSLATE] 采集即译完成：成功 2 条，失败 0 条
[MERGE] osint_intel 新增 0 条（本批 3），缓存现 43 条
[AUTO-ENGINE] merged 0 /44 from crawlAll → cache now 43
[2026-08-06T17:49:36.800Z] GET /api/media?status
[2026-08-06T17:49:46.810Z] GET /api/media?status
[2026-08-06T17:49:56.821Z] GET /api/media?status
[2026-08-06T17:50:06.830Z] GET /api/media?status
[AUTO-ENGINE collectSocial] fulltext: {"total":5,"ok":2,"fail":3,"skipped":23,"chars":5125,"sec":"9.0"}
[AUTO-ENGINE collectSocial] done in 156.8s | fetched=30 linked=28
[AUTO-ENGINE] 新鲜度闸门剔除 18 条陈旧情报 from collectSocial
[2026-08-06T17:50:16.837Z] GET /api/media?status
[TRANSLATE] 采集即译完成：成功 10 条，失败 0 条
[MERGE] osint_intel 新增 1 条（本批 10），缓存现 44 条
[AUTO-ENGINE] merged 1 /30 from collectSocial → cache now 44
[2026-08-06T17:50:26.849Z] GET /api/media?status
[2026-08-06T17:50:36.876Z] GET /api/media?status
[2026-08-06T17:50:46.891Z] GET /api/media?status
[2026-08-06T17:50:56.914Z] GET /api/media?status
[2026-08-06T17:51:06.931Z] GET /api/media?status
[2026-08-06T17:51:06.939Z] GET /api/media?limit=600
[AUTO-ENGINE crawlAll] starting...
[AUTO-ENGINE crawlAll] fulltext: {"total":1,"ok":1,"fail":0,"skipped":1,"chars":3223,"sec":"0.1"}
[AUTO-ENGINE crawlAll] done in 8.7s | fetched=42 linked=2
[AUTO-ENGINE] 新鲜度闸门剔除 1 条陈旧情报 from crawlAll
[MERGE] osint_intel 新增 0 条（本批 1），缓存现 44 条
[AUTO-ENGINE] merged 0 /42 from crawlAll → cache now 44
[AUTO-ENGINE collectSocial] starting...
[AUTO-ENGINE crawlAll] starting...
[AUTO-ENGINE crawlAll] fulltext: {"total":2,"ok":1,"fail":1,"skipped":1,"chars":3223,"sec":"0.1"}
[AUTO-ENGINE crawlAll] done in 14.3s | fetched=42 linked=3
[AUTO-ENGINE] 新鲜度闸门剔除 1 条陈旧情报 from crawlAll
[TRANSLATE] 采集即译完成：成功 1 条，失败 0 条
[MERGE] osint_intel 新增 0 条（本批 2），缓存现 44 条
[AUTO-ENGINE] merged 0 /42 from crawlAll → cache now 44
[AUTO-ENGINE collectSocial] fulltext: {"total":5,"ok":1,"fail":4,"skipped":25,"chars":3225,"sec":"10.5"}
[AUTO-ENGINE collectSocial] done in 144.4s | fetched=32 linked=30
[AUTO-ENGINE] 新鲜度闸门剔除 20 条陈旧情报 from collectSocial
[TRANSLATE] 采集即译完成：成功 10 条，失败 0 条
[MERGE] osint_intel 新增 0 条（本批 10），缓存现 44 条
[AUTO-ENGINE] merged 0 /32 from collectSocial → cache now 44
[TRANSLATE] 并行采集即译：558/558 个字段译成中文，另本地化国家名 2 条
[GLOBALMEDIA] 直连 RSS 采集完成: 280 条，覆盖 12 国
[AUTO-ENGINE crawlAll] starting...
[AUTO-ENGINE crawlAll] fulltext: {"total":3,"ok":1,"fail":2,"skipped":1,"chars":3223,"sec":"0.2"}
[AUTO-ENGINE crawlAll] done in 85.1s | fetched=84 linked=4
[AUTO-ENGINE] 新鲜度闸门剔除 1 条陈旧情报 from crawlAll
[TRANSLATE] 采集即译完成：成功 2 条，失败 0 条
[MERGE] osint_intel 新增 0 条（本批 3），缓存现 44 条
[AUTO-ENGINE] merged 0 /84 from crawlAll → cache now 44
[AUTO-ENGINE collectSocial] starting...
[AUTO-ENGINE crawlAll] starting...
[AUTO-ENGINE crawlAll] fulltext: {"total":2,"ok":1,"fail":1,"skipped":1,"chars":3223,"sec":"0.2"}
[AUTO-ENGINE crawlAll] done in 9.8s | fetched=83 linked=3
[AUTO-ENGINE] 新鲜度闸门剔除 1 条陈旧情报 from crawlAll
[TRANSLATE] 采集即译完成：成功 1 条，失败 0 条
[MERGE] osint_intel 新增 0 条（本批 2），缓存现 44 条
[AUTO-ENGINE] merged 0 /83 from crawlAll → cache now 44
[AUTO-ENGINE collectSocial] fulltext: {"total":6,"ok":2,"fail":4,"skipped":23,"chars":6458,"sec":"10.5"}
[AUTO-ENGINE collectSocial] done in 143.4s | fetched=31 linked=29
[AUTO-ENGINE] 新鲜度闸门剔除 20 条陈旧情报 from collectSocial
[TRANSLATE] 采集即译完成：成功 9 条，失败 0 条
[MERGE] osint_intel 新增 0 条（本批 9），缓存现 44 条
[AUTO-ENGINE] merged 0 /31 from collectSocial → cache now 44
[TRANSLATE] 并行采集即译：615/615 个字段译成中文，另本地化国家名 2 条
[GLOBALMEDIA] 直连 RSS 采集完成: 330 条，覆盖 12 国
[AUTO-ENGINE crawlAll] starting...
[AUTO-ENGINE crawlAll] fulltext: {"total":2,"ok":1,"fail":1,"skipped":0,"chars":3223,"sec":"0.1"}
[AUTO-ENGINE crawlAll] done in 10.6s | fetched=74 linked=2
[AUTO-ENGINE] 新鲜度闸门剔除 1 条陈旧情报 from crawlAll
[TRANSLATE] 采集即译完成：成功 1 条，失败 0 条
[MERGE] osint_intel 新增 0 条（本批 1），缓存现 44 条
[AUTO-ENGINE] merged 0 /74 from crawlAll → cache now 44
[AUTO-ENGINE collectSocial] starting...
[AUTO-ENGINE crawlAll] starting...
[AUTO-ENGINE collectSocial] fulltext: {"total":5,"ok":2,"fail":3,"skipped":22,"chars":5125,"sec":"9.0"}
[AUTO-ENGINE collectSocial] done in 140.8s | fetched=29 linked=27
[AUTO-ENGINE] 新鲜度闸门剔除 18 条陈旧情报 from collectSocial
[AUTO-ENGINE crawlAll] fulltext: {"total":2,"ok":1,"fail":1,"skipped":0,"chars":3223,"sec":"0.2"}
[AUTO-ENGINE crawlAll] done in 142.0s | fetched=60 linked=2
[AUTO-ENGINE] 新鲜度闸门剔除 1 条陈旧情报 from crawlAll
[TRANSLATE] 采集即译完成：成功 1 条，失败 0 条
[MERGE] osint_intel 新增 0 条（本批 1），缓存现 44 条
[AUTO-ENGINE] merged 0 /60 from crawlAll → cache now 44
[TRANSLATE] 采集即译完成：成功 9 条，失败 0 条
[MERGE] osint_intel 新增 0 条（本批 9），缓存现 44 条
[AUTO-ENGINE] merged 0 /29 from collectSocial → cache now 44
[AUTO-ENGINE crawlAll] starting...
[AUTO-ENGINE crawlAll] fulltext: {"total":2,"ok":1,"fail":1,"skipped":0,"chars":3223,"sec":"0.2"}
[AUTO-ENGINE crawlAll] done in 12.9s | fetched=102 linked=2
[AUTO-ENGINE] 新鲜度闸门剔除 1 条陈旧情报 from crawlAll
[TRANSLATE] 采集即译完成：成功 1 条，失败 0 条
[MERGE] osint_intel 新增 0 条（本批 1），缓存现 44 条
[AUTO-ENGINE] merged 0 /102 from crawlAll → cache now 44
[TRANSLATE] 并行采集即译：607/607 个字段译成中文，另本地化国家名 2 条
[GLOBALMEDIA] 直连 RSS 采集完成: 326 条，覆盖 12 国
[AUTO-ENGINE collectSocial] starting...
[AUTO-ENGINE crawlAll] starting...
[AUTO-ENGINE crawlAll] fulltext: {"total":1,"ok":1,"fail":0,"skipped":0,"chars":3223,"sec":"0.1"}
[AUTO-ENGINE crawlAll] done in 7.9s | fetched=82 linked=1
[AUTO-ENGINE] 新鲜度闸门剔除 1 条陈旧情报 from crawlAll
[AUTO-ENGINE] skipped 82 from crawlAll (zero interestLinked)
[AUTO-ENGINE collectSocial] fulltext: {"total":5,"ok":2,"fail":3,"skipped":24,"chars":5125,"sec":"9.0"}
[AUTO-ENGINE collectSocial] done in 130.0s | fetched=31 linked=29
[AUTO-ENGINE] 新鲜度闸门剔除 19 条陈旧情报 from collectSocial
[TRANSLATE] 采集即译完成：成功 10 条，失败 0 条
[MERGE] osint_intel 新增 0 条（本批 10），缓存现 44 条
[AUTO-ENGINE] merged 0 /31 from collectSocial → cache now 44
[AUTO-ENGINE crawlAll] starting...
[AUTO-ENGINE crawlAll] fulltext: {"total":2,"ok":0,"fail":2,"skipped":0,"chars":0,"sec":"0.0"}
[AUTO-ENGINE crawlAll] done in 130.0s | fetched=85 linked=2
[TRANSLATE] 采集即译完成：成功 2 条，失败 0 条
[MERGE] osint_intel 新增 0 条（本批 2），缓存现 44 条
[AUTO-ENGINE] merged 0 /85 from crawlAll → cache now 44
[TRANSLATE] 并行采集即译：637/637 个字段译成中文，另本地化国家名 2 条
[GLOBALMEDIA] 直连 RSS 采集完成: 341 条，覆盖 12 国
[AUTO-ENGINE collectSocial] starting...
[AUTO-ENGINE crawlAll] starting...
[AUTO-ENGINE crawlAll] fulltext: {"total":1,"ok":1,"fail":0,"skipped":0,"chars":3223,"sec":"0.2"}
[AUTO-ENGINE crawlAll] done in 8.4s | fetched=82 linked=1
[AUTO-ENGINE] 新鲜度闸门剔除 1 条陈旧情报 from crawlAll
[AUTO-ENGINE] skipped 82 from crawlAll (zero interestLinked)
[AUTO-ENGINE collectSocial] fulltext: {"total":5,"ok":1,"fail":4,"skipped":24,"chars":3225,"sec":"10.8"}
[AUTO-ENGINE collectSocial] done in 137.0s | fetched=31 linked=29
[AUTO-ENGINE] 新鲜度闸门剔除 19 条陈旧情报 from collectSocial
[TRANSLATE] 采集即译完成：成功 10 条，失败 0 条
[MERGE] osint_intel 新增 0 条（本批 10），缓存现 44 条
[AUTO-ENGINE] merged 0 /31 from collectSocial → cache now 44
[AUTO-ENGINE crawlAll] starting...
[AUTO-ENGINE crawlAll] fulltext: {"total":2,"ok":1,"fail":1,"skipped":0,"chars":3223,"sec":"0.1"}
[AUTO-ENGINE crawlAll] done in 7.7s | fetched=83 linked=2
[AUTO-ENGINE] 新鲜度闸门剔除 1 条陈旧情报 from crawlAll
[TRANSLATE] 采集即译完成：成功 1 条，失败 0 条
[MERGE] osint_intel 新增 0 条（本批 1），缓存现 44 条
[AUTO-ENGINE] merged 0 /83 from crawlAll → cache now 44
[2026-08-06T18:45:09.884Z] GET /api/media?limit=8
[2026-08-06T18:45:09.901Z] GET /api/media?status
[AUTO-ENGINE collectSocial] starting...
[AUTO-ENGINE crawlAll] starting...
[2026-08-06T18:47:02.199Z] GET /api/media?refresh=gdelt
[2026-08-06T18:47:08.362Z] GET /api/media?status
[TRANSLATE] 并行采集即译：623/623 个字段译成中文，另本地化国家名 2 条
[GLOBALMEDIA] 直连 RSS 采集完成: 334 条，覆盖 12 国
[2026-08-06T18:47:18.377Z] GET /api/media?status
[2026-08-06T18:47:28.393Z] GET /api/media?status
[2026-08-06T18:47:38.401Z] GET /api/media?status
[2026-08-06T18:47:48.413Z] GET /api/media?status
[AUTO-ENGINE crawlAll] fulltext: {"total":2,"ok":1,"fail":1,"skipped":0,"chars":3223,"sec":"0.1"}
[AUTO-ENGINE crawlAll] done in 82.2s | fetched=83 linked=2
[AUTO-ENGINE] 新鲜度闸门剔除 1 条陈旧情报 from crawlAll
[TRANSLATE] 采集即译完成：成功 1 条，失败 0 条
[MERGE] osint_intel 新增 0 条（本批 1），缓存现 44 条
[AUTO-ENGINE] merged 0 /83 from crawlAll → cache now 44
[2026-08-06T18:47:58.430Z] GET /api/media?status
[2026-08-06T18:48:08.439Z] GET /api/media?status
[2026-08-06T18:48:18.454Z] GET /api/media?status
[2026-08-06T18:48:28.467Z] GET /api/media?status
[2026-08-06T18:48:38.484Z] GET /api/media?status
[AUTO-ENGINE collectSocial] fulltext: {"total":5,"ok":1,"fail":4,"skipped":24,"chars":3225,"sec":"10.3"}
[AUTO-ENGINE collectSocial] done in 127.7s | fetched=31 linked=29
[AUTO-ENGINE] 新鲜度闸门剔除 19 条陈旧情报 from collectSocial
[TRANSLATE] 采集即译完成：成功 10 条，失败 0 条
[MERGE] osint_intel 新增 0 条（本批 10），缓存现 44 条
[AUTO-ENGINE] merged 0 /31 from collectSocial → cache now 44
[2026-08-06T18:48:48.493Z] GET /api/media?status
[2026-08-06T18:48:58.503Z] GET /api/media?status
[2026-08-06T18:49:08.511Z] GET /api/media?status
[2026-08-06T18:49:18.524Z] GET /api/media?status
[2026-08-06T18:49:28.533Z] GET /api/media?status
[2026-08-06T18:49:38.556Z] GET /api/media?status
[2026-08-06T18:49:48.563Z] GET /api/media?status
[2026-08-06T18:49:58.576Z] GET /api/media?status
[2026-08-06T18:50:08.585Z] GET /api/media?status
[AUTO-ENGINE crawlAll] starting...
[AUTO-ENGINE crawlAll] fulltext: {"total":1,"ok":1,"fail":0,"skipped":0,"chars":3223,"sec":"0.2"}
[AUTO-ENGINE crawlAll] done in 8.0s | fetched=82 linked=1
[AUTO-ENGINE] 新鲜度闸门剔除 1 条陈旧情报 from crawlAll
[AUTO-ENGINE] skipped 82 from crawlAll (zero interestLinked)
