========================================
  海外利益保护情报预警平台 - 后端服务
  版本: 2.0.0 (PostgreSQL)
  端口: 3000
  环境: development
========================================
[DB] 连接失败: 
[SELF-CLEAN] osint_intel 无需清理，200 条
[SELF-CLEAN] socmint_intel 无需清理，6 条
[AUTO-ENGINE] 自动采集引擎启动 | 深度检索每5分钟 / 社交通道每10分钟
[2026-08-06T20:19:32.833Z] GET /api/media?status=1
[2026-08-06T20:19:32.853Z] POST /api/intel/osint_intel
[2026-08-06T20:19:32.856Z] POST /api/intel/osint_intel
[2026-08-06T20:19:32.857Z] GET /api/media?status=1
[2026-08-06T20:19:32.859Z] GET /api/media?status=1
[2026-08-06T20:19:32.861Z] GET /api/media?status=1
[2026-08-06T20:19:32.863Z] POST /api/intel/osint_intel
[2026-08-06T20:19:32.864Z] GET /api/media?status=1
[2026-08-06T20:19:32.865Z] GET /api/media?status=1
[2026-08-06T20:19:32.867Z] GET /api/media?status=1
[2026-08-06T20:19:32.869Z] GET /api/media?status=1
[2026-08-06T20:19:32.870Z] GET /api/media?status=1
[2026-08-06T20:19:32.872Z] POST /api/intel/osint_intel
[2026-08-06T20:19:32.890Z] GET /api/media?status=1
[2026-08-06T20:19:32.892Z] POST /api/intel/osint_intel
[2026-08-06T20:19:32.902Z] GET /api/media?status=1
[2026-08-06T20:19:32.903Z] GET /api/media?status=1
[2026-08-06T20:19:32.904Z] GET /api/media?status=1
[2026-08-06T20:19:32.906Z] GET /api/media?status=1
[2026-08-06T20:19:32.907Z] GET /api/media?status=1
[2026-08-06T20:19:32.908Z] GET /api/media?status=1
[2026-08-06T20:19:32.909Z] GET /api/media?status=1
[2026-08-06T20:19:32.910Z] GET /api/media?status=1
[2026-08-06T20:19:32.911Z] GET /api/media?status=1
[2026-08-06T20:19:32.912Z] GET /api/media?status=1
[2026-08-06T20:19:32.913Z] GET /api/media?status=1
[2026-08-06T20:19:32.915Z] GET /api/media?status=1
[2026-08-06T20:19:32.916Z] GET /api/media?status=1
[2026-08-06T20:19:32.917Z] GET /api/media?status=1
[2026-08-06T20:19:32.918Z] POST /api/intel/osint_intel
[2026-08-06T20:19:32.919Z] GET /api/media?status=1
[2026-08-06T20:19:32.920Z] GET /api/media?status=1
[2026-08-06T20:19:32.924Z] GET /api/media?status=1
[2026-08-06T20:19:32.925Z] POST /api/intel/osint_intel
[2026-08-06T20:19:32.932Z] GET /api/media?status=1
[2026-08-06T20:19:32.934Z] GET /api/media?status=1
[2026-08-06T20:19:32.936Z] POST /api/intel/osint_intel
[2026-08-06T20:19:32.937Z] GET /api/media?status=1
[2026-08-06T20:19:32.943Z] POST /api/intel/osint_intel
[2026-08-06T20:19:32.943Z] GET /api/media?status=1
[2026-08-06T20:19:32.948Z] GET /api/media?status=1
[2026-08-06T20:19:32.950Z] GET /api/media?status=1
[2026-08-06T20:19:32.951Z] GET /api/media?status=1
[2026-08-06T20:19:32.958Z] GET /api/media?status=1
[2026-08-06T20:19:32.963Z] GET /api/media?status=1
[2026-08-06T20:19:32.965Z] GET /api/media?status=1
[2026-08-06T20:19:32.966Z] GET /api/media?status=1
[2026-08-06T20:19:32.969Z] GET /api/media?status=1
[2026-08-06T20:19:32.970Z] GET /api/media?status=1
[2026-08-06T20:19:32.972Z] GET /api/media?status=1
[2026-08-06T20:19:32.978Z] POST /api/intel/geopolitical_intel
[2026-08-06T20:19:32.997Z] POST /api/intel/osint_intel
[2026-08-06T20:19:32.998Z] GET /api/media?status=1
[2026-08-06T20:19:33.003Z] POST /api/intel/osint_intel
[2026-08-06T20:19:33.010Z] GET /api/media?status=1
[2026-08-06T20:19:33.012Z] GET /api/media?status=1
[2026-08-06T20:19:33.012Z] POST /api/intel/infrastructure
[2026-08-06T20:19:33.026Z] POST /api/intel/osint_intel
[2026-08-06T20:19:33.026Z] GET /api/media?status=1
[2026-08-06T20:19:33.032Z] POST /api/intel/osint_intel
[2026-08-06T20:19:33.032Z] GET /api/media?status=1
[2026-08-06T20:19:33.038Z] POST /api/intel/osint_intel
[2026-08-06T20:19:33.038Z] GET /api/media?status=1
[2026-08-06T20:19:33.044Z] GET /api/media?status=1
[2026-08-06T20:19:33.045Z] POST /api/intel/osint_intel
[2026-08-06T20:19:33.046Z] GET /api/media?status=1
[2026-08-06T20:19:33.050Z] POST /api/intel/osint_intel
[2026-08-06T20:19:33.055Z] GET /api/media?status=1
[2026-08-06T20:19:33.057Z] GET /api/media?status=1
[2026-08-06T20:19:33.059Z] GET /api/media?status=1
[2026-08-06T20:19:33.060Z] GET /api/media?status=1
[2026-08-06T20:19:33.061Z] GET /api/media?status=1
[2026-08-06T20:19:33.062Z] GET /api/media?status=1
[2026-08-06T20:19:33.063Z] POST /api/intel/osint_intel
[2026-08-06T20:19:33.064Z] GET /api/media?status=1
[2026-08-06T20:19:33.065Z] GET /api/media?status=1
[2026-08-06T20:19:33.069Z] GET /api/media?status=1
[2026-08-06T20:19:33.070Z] GET /api/media?status=1
[2026-08-06T20:19:33.072Z] POST /api/intel/geopolitical_intel
[2026-08-06T20:19:33.076Z] PUT /api/datahub/alerts
[2026-08-06T20:19:33.078Z] PUT /api/datahub/events
[2026-08-06T20:19:33.079Z] PUT /api/datahub/terror_events
[2026-08-06T20:19:33.080Z] PUT /api/datahub/countries
[2026-08-06T20:19:33.101Z] POST /api/intel/geopolitical_intel
[2026-08-06T20:19:33.112Z] POST /api/intel/osint_intel
[2026-08-06T20:19:33.113Z] GET /api/media?status=1
[2026-08-06T20:19:33.118Z] GET /api/media?status=1
[2026-08-06T20:19:33.118Z] POST /api/intel/osint_intel
[2026-08-06T20:19:33.124Z] GET /api/media?status=1
[2026-08-06T20:19:33.125Z] GET /api/media?status=1
[2026-08-06T20:19:33.127Z] POST /api/intel/geopolitical_intel
[2026-08-06T20:19:33.134Z] GET /api/media?status=1
[2026-08-06T20:19:33.135Z] POST /api/intel/osint_intel
[2026-08-06T20:19:33.136Z] GET /api/media?status=1
[2026-08-06T20:19:33.140Z] GET /api/media?status=1
[2026-08-06T20:19:33.142Z] POST /api/intel/osint_intel
[2026-08-06T20:19:33.142Z] GET /api/media?status=1
[2026-08-06T20:19:33.147Z] GET /api/media?status=1
[2026-08-06T20:19:33.149Z] GET /api/media?status=1
[2026-08-06T20:19:33.150Z] GET /api/media?status=1
[2026-08-06T20:19:33.151Z] GET /api/media?status=1
[2026-08-06T20:19:33.152Z] POST /api/intel/osint_intel
[2026-08-06T20:19:33.153Z] GET /api/media?status=1
[2026-08-06T20:19:33.154Z] GET /api/media?status=1
[2026-08-06T20:19:33.159Z] GET /api/media?status=1
[2026-08-06T20:19:33.162Z] GET /api/media?status=1
[2026-08-06T20:19:33.162Z] GET /api/sources
[2026-08-06T20:19:33.163Z] GET /api/media?status=1
[AUTO-ENGINE crawlAll] starting...
[AUTO-ENGINE collectSocial] starting...
[2026-08-06T20:20:32.830Z] GET /api/media?status=1
[2026-08-06T20:20:32.832Z] POST /api/intel/osint_intel
[2026-08-06T20:20:32.832Z] GET /api/media?status=1
[2026-08-06T20:20:32.834Z] GET /api/media?status=1
[2026-08-06T20:20:32.839Z] GET /api/media?status=1
[2026-08-06T20:20:32.840Z] GET /api/media?status=1
[2026-08-06T20:20:32.842Z] GET /api/media?status=1
[2026-08-06T20:20:32.842Z] POST /api/intel/osint_intel
[2026-08-06T20:20:32.848Z] GET /api/media?status=1
[2026-08-06T20:20:32.850Z] POST /api/intel/osint_intel
[2026-08-06T20:20:32.851Z] GET /api/media?status=1
[2026-08-06T20:20:32.858Z] POST /api/intel/osint_intel
[2026-08-06T20:20:32.865Z] GET /api/media?status=1
[2026-08-06T20:20:32.867Z] GET /api/media?status=1
[2026-08-06T20:20:32.869Z] GET /api/media?status=1
[2026-08-06T20:20:32.870Z] GET /api/media?status=1
[2026-08-06T20:20:32.872Z] GET /api/media?status=1
[2026-08-06T20:20:32.874Z] GET /api/media?status=1
[2026-08-06T20:20:32.875Z] GET /api/media?status=1
[2026-08-06T20:20:32.877Z] GET /api/media?status=1
[2026-08-06T20:20:32.878Z] GET /api/media?status=1
[2026-08-06T20:20:32.880Z] GET /api/media?status=1
[2026-08-06T20:20:32.883Z] GET /api/media?status=1
[2026-08-06T20:20:32.885Z] GET /api/media?status=1
[2026-08-06T20:20:32.886Z] GET /api/media?status=1
[2026-08-06T20:20:32.888Z] GET /api/media?status=1
[2026-08-06T20:20:32.891Z] GET /api/media?status=1
[2026-08-06T20:20:32.892Z] POST /api/intel/military_conflicts
[2026-08-06T20:20:32.899Z] GET /api/media?status=1
[2026-08-06T20:20:32.901Z] GET /api/media?status=1
[2026-08-06T20:20:32.902Z] POST /api/intel/osint_intel
[2026-08-06T20:20:32.908Z] GET /api/media?status=1
[2026-08-06T20:20:32.908Z] POST /api/intel/osint_intel
[2026-08-06T20:20:32.914Z] GET /api/media?status=1
[2026-08-06T20:20:32.915Z] GET /api/media?status=1
[2026-08-06T20:20:32.916Z] GET /api/media?status=1
[2026-08-06T20:20:32.917Z] GET /api/media?status=1
[2026-08-06T20:20:32.919Z] GET /api/media?status=1
[2026-08-06T20:20:32.922Z] GET /api/media?status=1
[2026-08-06T20:20:32.923Z] POST /api/intel/geopolitical_intel
[2026-08-06T20:20:32.928Z] GET /api/media?status=1
[2026-08-06T20:20:32.930Z] POST /api/intel/osint_intel
[2026-08-06T20:20:32.930Z] GET /api/media?status=1
[2026-08-06T20:20:32.938Z] GET /api/media?status=1
[2026-08-06T20:20:32.940Z] GET /api/media?status=1
[2026-08-06T20:20:32.942Z] GET /api/media?status=1
[2026-08-06T20:20:32.945Z] GET /api/media?status=1
[2026-08-06T20:20:32.946Z] POST /api/intel/osint_intel
[2026-08-06T20:20:32.946Z] GET /api/media?status=1
[2026-08-06T20:20:32.954Z] GET /api/media?status=1
[2026-08-06T20:20:32.954Z] POST /api/intel/osint_intel
[2026-08-06T20:20:32.960Z] GET /api/media?status=1
[2026-08-06T20:20:32.961Z] GET /api/media?status=1
[2026-08-06T20:20:32.974Z] GET /api/media?status=1
[2026-08-06T20:20:32.976Z] GET /api/media?status=1
[2026-08-06T20:20:32.977Z] GET /api/media?status=1
[2026-08-06T20:20:32.979Z] GET /api/media?status=1
[2026-08-06T20:20:32.980Z] GET /api/media?status=1
[2026-08-06T20:20:32.983Z] POST /api/intel/osint_intel
[2026-08-06T20:20:32.990Z] GET /api/media?status=1
[2026-08-06T20:20:32.991Z] GET /api/media?status=1
[2026-08-06T20:20:32.993Z] GET /api/media?status=1
[2026-08-06T20:20:32.993Z] POST /api/intel/osint_intel
[2026-08-06T20:20:32.994Z] GET /api/media?status=1
[2026-08-06T20:20:33.000Z] POST /api/intel/osint_intel
[2026-08-06T20:20:33.001Z] GET /api/media?status=1
[2026-08-06T20:20:33.006Z] GET /api/media?status=1
[2026-08-06T20:20:33.007Z] GET /api/media?status=1
[2026-08-06T20:20:33.021Z] POST /api/intel/osint_intel
[2026-08-06T20:20:33.022Z] GET /api/media?status=1
[2026-08-06T20:20:33.023Z] GET /api/media?status=1
[2026-08-06T20:20:33.025Z] GET /api/media?status=1
[2026-08-06T20:20:33.026Z] POST /api/intel/osint_intel
[2026-08-06T20:20:33.034Z] GET /api/media?status=1
[2026-08-06T20:20:33.042Z] GET /api/media?status=1
[2026-08-06T20:20:33.043Z] GET /api/scrape?category=terror_events
[2026-08-06T20:20:33.045Z] GET /api/scrape?category=security_events
[2026-08-06T20:20:33.047Z] GET /api/scrape?category=public_health
[2026-08-06T20:20:33.050Z] GET /api/scrape?category=military_conflicts
[2026-08-06T20:20:33.053Z] GET /api/scrape?category=political_events
[2026-08-06T20:20:33.054Z] GET /api/scrape?category=natural_disasters
[2026-08-06T20:20:33.291Z] GET /api/scrape?category=sanctions_data
[2026-08-06T20:20:33.292Z] GET /api/scrape?category=social_unrest
[TRANSLATE] 并行采集即译：20/20 个字段译成中文
[2026-08-06T20:20:33.849Z] GET /api/scrape?category=infrastructure
[2026-08-06T20:20:33.924Z] GET /api/scrape?category=geopolitical_intel
[TRANSLATE] 并行采集即译：54/54 个字段译成中文，另本地化国家名 5 条
[2026-08-06T20:20:34.652Z] GET /api/scrape?category=osint_intel
[TRANSLATE] 并行采集即译：84/84 个字段译成中文
[2026-08-06T20:20:34.675Z] GET /api/scrape?category=economic_risks
[2026-08-06T20:20:34.787Z] GET /api/media?limit=200
[2026-08-06T20:20:34.789Z] GET /api/scrape?all=1
[TRANSLATE] 并行采集即译：142/142 个字段译成中文
[2026-08-06T20:20:39.065Z] GET /api/sources
[2026-08-06T20:20:39.067Z] GET /api/media?status=1
[TRANSLATE] 并行采集即译：180/180 个字段译成中文
[TRANSLATE] 并行采集即译：38/38 个字段译成中文
[TRANSLATE] 并行采集即译：486/486 个字段译成中文，另本地化国家名 5 条
[TRANSLATE] 并行采集即译：1409/1409 个字段译成中文，另本地化国家名 2 条
[DB] 查询错误: 
[GLOBALMEDIA] PostgreSQL 入库异常（可能未启动），降级写入 osint_intel 文件缓存: 
[MERGE] osint_intel 新增 562 条（本批 726），缓存现 762 条
[GLOBALMEDIA] 直连 RSS 采集完成: 726 条，覆盖 36 国
[2026-08-06T20:21:32.833Z] GET /api/media?status=1
[2026-08-06T20:21:32.836Z] GET /api/media?status=1
[2026-08-06T20:21:32.838Z] GET /api/media?status=1
[2026-08-06T20:21:32.839Z] GET /api/media?status=1
[2026-08-06T20:21:32.840Z] POST /api/intel/military_conflicts
[2026-08-06T20:21:32.860Z] GET /api/media?status=1
[2026-08-06T20:21:32.862Z] GET /api/media?status=1
[2026-08-06T20:21:32.863Z] POST /api/intel/osint_intel
[2026-08-06T20:21:32.864Z] GET /api/media?status=1
[2026-08-06T20:21:32.879Z] GET /api/media?status=1
[2026-08-06T20:21:32.881Z] GET /api/media?status=1
[2026-08-06T20:21:32.882Z] GET /api/media?status=1
[2026-08-06T20:21:32.883Z] GET /api/media?status=1
[2026-08-06T20:21:32.885Z] POST /api/intel/sanctions_data
[2026-08-06T20:21:32.885Z] GET /api/media?status=1
[2026-08-06T20:21:32.886Z] GET /api/media?status=1
[2026-08-06T20:21:32.897Z] GET /api/media?status=1
[2026-08-06T20:21:32.899Z] GET /api/media?status=1
[2026-08-06T20:21:32.900Z] GET /api/media?status=1
[2026-08-06T20:21:32.902Z] GET /api/media?status=1
[2026-08-06T20:21:32.903Z] GET /api/media?status=1
[2026-08-06T20:21:32.904Z] GET /api/media?status=1
[2026-08-06T20:21:32.907Z] GET /api/media?status=1
[2026-08-06T20:21:32.909Z] GET /api/media?status=1
[2026-08-06T20:21:32.910Z] GET /api/media?status=1
[2026-08-06T20:21:32.911Z] GET /api/media?status=1
[2026-08-06T20:21:32.913Z] GET /api/media?status=1
[2026-08-06T20:21:32.914Z] GET /api/media?status=1
[2026-08-06T20:21:32.915Z] POST /api/intel/osint_intel
[2026-08-06T20:21:32.929Z] GET /api/media?status=1
[2026-08-06T20:21:32.931Z] GET /api/media?status=1
[2026-08-06T20:21:32.933Z] GET /api/media?status=1
[2026-08-06T20:21:32.934Z] GET /api/media?status=1
[2026-08-06T20:21:32.935Z] GET /api/media?status=1
[2026-08-06T20:21:32.937Z] GET /api/media?status=1
[2026-08-06T20:21:32.938Z] GET /api/media?status=1
[2026-08-06T20:21:32.939Z] GET /api/media?status=1
[2026-08-06T20:21:32.941Z] GET /api/media?status=1
[2026-08-06T20:21:32.941Z] POST /api/intel/osint_intel
[2026-08-06T20:21:32.942Z] GET /api/media?status=1
[2026-08-06T20:21:32.943Z] GET /api/media?status=1
[2026-08-06T20:21:32.944Z] GET /api/media?status=1
[2026-08-06T20:21:32.945Z] GET /api/media?status=1
[2026-08-06T20:21:32.948Z] POST /api/intel/osint_intel
[2026-08-06T20:21:32.957Z] POST /api/intel/osint_intel
[2026-08-06T20:21:32.958Z] GET /api/media?status=1
[2026-08-06T20:21:32.964Z] GET /api/media?status=1
[2026-08-06T20:21:32.965Z] POST /api/intel/osint_intel
[2026-08-06T20:21:32.965Z] GET /api/media?status=1
[2026-08-06T20:21:32.969Z] POST /api/intel/osint_intel
[2026-08-06T20:21:32.974Z] GET /api/media?status=1
[2026-08-06T20:21:32.976Z] GET /api/media?status=1
[2026-08-06T20:21:32.977Z] GET /api/media?status=1
[2026-08-06T20:21:32.984Z] GET /api/media?status=1
[2026-08-06T20:21:32.986Z] GET /api/media?status=1
[2026-08-06T20:21:32.987Z] GET /api/media?status=1
[2026-08-06T20:21:32.988Z] GET /api/media?status=1
[2026-08-06T20:21:32.990Z] GET /api/media?status=1
[2026-08-06T20:21:32.991Z] GET /api/media?status=1
[2026-08-06T20:21:32.992Z] GET /api/media?status=1
[2026-08-06T20:21:32.994Z] GET /api/media?status=1
[2026-08-06T20:21:32.996Z] GET /api/media?status=1
[2026-08-06T20:21:32.997Z] GET /api/media?status=1
[2026-08-06T20:21:32.999Z] GET /api/media?status=1
[2026-08-06T20:21:33.001Z] GET /api/media?status=1
[2026-08-06T20:21:33.003Z] GET /api/media?status=1
[2026-08-06T20:21:33.004Z] GET /api/media?status=1
[2026-08-06T20:21:33.008Z] GET /api/media?status=1
[2026-08-06T20:21:33.010Z] POST /api/intel/osint_intel
[2026-08-06T20:21:33.010Z] GET /api/media?status=1
[2026-08-06T20:21:33.018Z] GET /api/media?status=1
[2026-08-06T20:21:33.021Z] GET /api/media?status=1
[2026-08-06T20:21:33.022Z] GET /api/sources
[2026-08-06T20:21:33.023Z] GET /api/media?status=1
[AUTO-ENGINE crawlAll] fulltext: {"total":3,"ok":1,"fail":2,"skipped":0,"chars":3223,"sec":"0.2"}
[AUTO-ENGINE crawlAll] done in 142.3s | fetched=86 linked=3
[AUTO-ENGINE] 新鲜度闸门剔除 1 条陈旧情报 from crawlAll
[TRANSLATE] 采集即译完成：成功 2 条，失败 0 条
[MERGE] osint_intel 新增 0 条（本批 2），缓存现 200 条
[AUTO-ENGINE] merged 0 /86 from crawlAll → cache now 200
[2026-08-06T20:22:32.824Z] GET /api/media?status=1
[2026-08-06T20:22:32.826Z] POST /api/intel/military_conflicts
[2026-08-06T20:22:32.827Z] GET /api/media?status=1
[2026-08-06T20:22:32.834Z] POST /api/intel/military_conflicts
[2026-08-06T20:22:32.846Z] POST /api/intel/osint_intel
[2026-08-06T20:22:32.846Z] GET /api/media?status=1
[2026-08-06T20:22:32.855Z] GET /api/media?status=1
[2026-08-06T20:22:32.857Z] POST /api/intel/military_conflicts
[2026-08-06T20:22:32.891Z] POST /api/intel/military_conflicts
[2026-08-06T20:22:32.900Z] GET /api/media?status=1
[2026-08-06T20:22:32.902Z] POST /api/intel/military_conflicts
[2026-08-06T20:22:32.922Z] POST /api/intel/military_conflicts
[2026-08-06T20:22:32.933Z] GET /api/media?status=1
[2026-08-06T20:22:32.934Z] GET /api/media?status=1
[2026-08-06T20:22:32.935Z] POST /api/intel/osint_intel
[2026-08-06T20:22:32.948Z] GET /api/media?status=1
[2026-08-06T20:22:32.949Z] POST /api/intel/osint_intel
[2026-08-06T20:22:32.958Z] GET /api/media?status=1
[2026-08-06T20:22:32.960Z] GET /api/media?status=1
[2026-08-06T20:22:32.961Z] GET /api/media?status=1
[2026-08-06T20:22:32.963Z] GET /api/media?status=1
[2026-08-06T20:22:32.964Z] GET /api/media?status=1
[2026-08-06T20:22:32.965Z] GET /api/media?status=1
[2026-08-06T20:22:32.966Z] GET /api/media?status=1
[2026-08-06T20:22:32.967Z] GET /api/media?status=1
[2026-08-06T20:22:32.969Z] GET /api/media?status=1
[2026-08-06T20:22:32.970Z] GET /api/media?status=1
[2026-08-06T20:22:32.971Z] GET /api/media?status=1
[2026-08-06T20:22:32.972Z] POST /api/intel/military_conflicts
[2026-08-06T20:22:32.983Z] POST /api/intel/military_conflicts
[2026-08-06T20:22:32.992Z] GET /api/media?status=1
[2026-08-06T20:22:32.993Z] POST /api/intel/osint_intel
[2026-08-06T20:22:33.002Z] GET /api/media?status=1
[2026-08-06T20:22:33.002Z] POST /api/intel/osint_intel
[2026-08-06T20:22:33.015Z] GET /api/media?status=1
[2026-08-06T20:22:33.017Z] GET /api/media?status=1
[2026-08-06T20:22:33.019Z] GET /api/media?status=1
[2026-08-06T20:22:33.025Z] POST /api/intel/terror_events
[2026-08-06T20:22:33.032Z] GET /api/media?status=1
[2026-08-06T20:22:33.034Z] GET /api/media?status=1
[2026-08-06T20:22:33.035Z] GET /api/media?status=1
[2026-08-06T20:22:33.036Z] POST /api/intel/osint_intel
[2026-08-06T20:22:33.036Z] GET /api/media?status=1
[2026-08-06T20:22:33.043Z] GET /api/media?status=1
[2026-08-06T20:22:33.044Z] GET /api/media?status=1
[2026-08-06T20:22:33.046Z] GET /api/media?status=1
[2026-08-06T20:22:33.047Z] GET /api/media?status=1
[2026-08-06T20:22:33.049Z] GET /api/media?status=1
[2026-08-06T20:22:33.050Z] POST /api/intel/geopolitical_intel
[2026-08-06T20:22:33.051Z] GET /api/media?status=1
[2026-08-06T20:22:33.057Z] GET /api/media?status=1
[2026-08-06T20:22:33.060Z] POST /api/intel/geopolitical_intel
[2026-08-06T20:22:33.065Z] POST /api/intel/osint_intel
[2026-08-06T20:22:33.065Z] GET /api/media?status=1
[2026-08-06T20:22:33.077Z] GET /api/media?status=1
[2026-08-06T20:22:33.078Z] POST /api/intel/osint_intel
[2026-08-06T20:22:33.093Z] POST /api/intel/osint_intel
[2026-08-06T20:22:33.094Z] GET /api/media?status=1
[2026-08-06T20:22:33.100Z] GET /api/media?status=1
[2026-08-06T20:22:33.102Z] POST /api/intel/osint_intel
[2026-08-06T20:22:33.102Z] GET /api/media?status=1
[2026-08-06T20:22:33.107Z] POST /api/intel/osint_intel
[2026-08-06T20:22:33.112Z] GET /api/media?status=1
[2026-08-06T20:22:33.114Z] GET /api/media?status=1
[2026-08-06T20:22:33.116Z] GET /api/media?status=1
[2026-08-06T20:22:33.117Z] GET /api/media?status=1
[2026-08-06T20:22:33.118Z] POST /api/intel/osint_intel
[2026-08-06T20:22:33.118Z] GET /api/media?status=1
[2026-08-06T20:22:33.120Z] GET /api/media?status=1
[2026-08-06T20:22:33.128Z] GET /api/media?status=1
[2026-08-06T20:22:33.139Z] GET /api/media?status=1
[2026-08-06T20:22:33.139Z] GET /api/scrape?category=terror_events
[2026-08-06T20:22:33.142Z] GET /api/scrape?category=security_events
[2026-08-06T20:22:33.143Z] GET /api/scrape?category=political_events
[2026-08-06T20:22:33.144Z] GET /api/scrape?category=military_conflicts
[2026-08-06T20:22:33.147Z] GET /api/scrape?category=natural_disasters
[2026-08-06T20:22:33.149Z] GET /api/scrape?category=public_health
[2026-08-06T20:22:33.338Z] GET /api/scrape?category=sanctions_data
[2026-08-06T20:22:33.339Z] GET /api/scrape?category=social_unrest
[2026-08-06T20:22:33.353Z] GET /api/scrape?category=infrastructure
[2026-08-06T20:22:33.423Z] GET /api/scrape?category=geopolitical_intel
[2026-08-06T20:22:33.449Z] GET /api/scrape?category=osint_intel
[AUTO-ENGINE collectSocial] fulltext: {"total":5,"ok":1,"fail":4,"skipped":25,"chars":3225,"sec":"10.4"}
[AUTO-ENGINE collectSocial] done in 129.6s | fetched=32 linked=30
[AUTO-ENGINE] 新鲜度闸门剔除 20 条陈旧情报 from collectSocial
[TRANSLATE] 并行采集即译：20/20 个字段译成中文
[2026-08-06T20:22:33.881Z] GET /api/scrape?category=economic_risks
[2026-08-06T20:22:33.966Z] GET /api/media?limit=200
[2026-08-06T20:22:33.972Z] GET /api/scrape?all=1
[TRANSLATE] 并行采集即译：38/38 个字段译成中文
[2026-08-06T20:22:34.024Z] GET /api/sources
[2026-08-06T20:22:34.027Z] GET /api/media?status=1
[TRANSLATE] 并行采集即译：54/54 个字段译成中文，另本地化国家名 5 条
[TRANSLATE] 并行采集即译：142/142 个字段译成中文
[TRANSLATE] 并行采集即译：180/180 个字段译成中文
[2026-08-06T20:22:36.029Z] GET /api/media?limit=1
[TRANSLATE] 并行采集即译：84/84 个字段译成中文
[TRANSLATE] 并行采集即译：486/486 个字段译成中文，另本地化国家名 5 条
[TRANSLATE] 采集即译完成：成功 10 条，失败 0 条
[MERGE] osint_intel 新增 0 条（本批 10），缓存现 200 条
[AUTO-ENGINE] merged 0 /32 from collectSocial → cache now 200
[2026-08-06T20:23:32.824Z] GET /api/media?status=1
[2026-08-06T20:23:32.826Z] GET /api/media?status=1
[2026-08-06T20:23:32.827Z] GET /api/media?status=1
[2026-08-06T20:23:32.829Z] GET /api/media?status=1
[2026-08-06T20:23:32.831Z] POST /api/intel/osint_intel
[2026-08-06T20:23:32.832Z] GET /api/media?status=1
[2026-08-06T20:23:32.850Z] GET /api/media?status=1
[2026-08-06T20:23:32.852Z] GET /api/media?status=1
[2026-08-06T20:23:32.855Z] POST /api/intel/military_conflicts
[2026-08-06T20:23:32.872Z] GET /api/media?status=1
[2026-08-06T20:23:32.874Z] GET /api/media?status=1
[2026-08-06T20:23:32.875Z] POST /api/intel/osint_intel
[2026-08-06T20:23:32.876Z] GET /api/media?status=1
[2026-08-06T20:23:32.891Z] GET /api/media?status=1
[2026-08-06T20:23:32.892Z] POST /api/intel/osint_intel
[2026-08-06T20:23:32.906Z] GET /api/media?status=1
[2026-08-06T20:23:32.908Z] GET /api/media?status=1
[2026-08-06T20:23:32.910Z] GET /api/media?status=1
[2026-08-06T20:23:32.911Z] GET /api/media?status=1
[2026-08-06T20:23:32.913Z] GET /api/media?status=1
[2026-08-06T20:23:32.915Z] GET /api/media?status=1
[2026-08-06T20:23:32.916Z] GET /api/media?status=1
[2026-08-06T20:23:32.918Z] GET /api/media?status=1
[2026-08-06T20:23:32.919Z] GET /api/media?status=1
[2026-08-06T20:23:32.921Z] GET /api/media?status=1
[2026-08-06T20:23:32.922Z] GET /api/media?status=1
[2026-08-06T20:23:32.925Z] POST /api/intel/natural_disasters
[2026-08-06T20:23:32.934Z] GET /api/media?status=1
[2026-08-06T20:23:32.935Z] POST /api/intel/infrastructure
[2026-08-06T20:23:32.950Z] GET /api/media?status=1
[2026-08-06T20:23:32.952Z] GET /api/media?status=1
[2026-08-06T20:23:32.955Z] GET /api/media?status=1
[2026-08-06T20:23:32.956Z] GET /api/media?status=1
[2026-08-06T20:23:32.958Z] GET /api/media?status=1
[2026-08-06T20:23:32.960Z] GET /api/media?status=1
[2026-08-06T20:23:32.962Z] GET /api/media?status=1
[2026-08-06T20:23:32.964Z] GET /api/media?status=1
[2026-08-06T20:23:32.965Z] GET /api/media?status=1
[2026-08-06T20:23:32.966Z] POST /api/intel/osint_intel
[2026-08-06T20:23:32.967Z] GET /api/media?status=1
[2026-08-06T20:23:32.969Z] GET /api/media?status=1
[2026-08-06T20:23:32.980Z] GET /api/media?status=1
[2026-08-06T20:23:32.981Z] POST /api/intel/osint_intel
[2026-08-06T20:23:32.996Z] GET /api/media?status=1
[2026-08-06T20:23:32.997Z] GET /api/media?status=1
[2026-08-06T20:23:32.999Z] GET /api/media?status=1
[2026-08-06T20:23:33.001Z] GET /api/media?status=1
[2026-08-06T20:23:33.002Z] GET /api/media?status=1
[2026-08-06T20:23:33.003Z] GET /api/media?status=1
[2026-08-06T20:23:33.005Z] GET /api/media?status=1
[2026-08-06T20:23:33.007Z] GET /api/media?status=1
[2026-08-06T20:23:33.008Z] GET /api/media?status=1
[2026-08-06T20:23:33.010Z] GET /api/media?status=1
[2026-08-06T20:23:33.012Z] GET /api/media?status=1
[2026-08-06T20:23:33.015Z] POST /api/intel/osint_intel
[2026-08-06T20:23:33.015Z] GET /api/media?status=1
[2026-08-06T20:23:33.017Z] GET /api/media?status=1
[2026-08-06T20:23:33.021Z] POST /api/intel/osint_intel
[2026-08-06T20:23:33.033Z] GET /api/media?status=1
[2026-08-06T20:23:33.035Z] POST /api/intel/osint_intel
[2026-08-06T20:23:33.045Z] GET /api/media?status=1
[2026-08-06T20:23:33.047Z] GET /api/media?status=1
[2026-08-06T20:23:33.048Z] GET /api/media?status=1
[2026-08-06T20:23:33.050Z] GET /api/media?status=1
[2026-08-06T20:23:33.051Z] POST /api/intel/osint_intel
[2026-08-06T20:23:33.052Z] GET /api/media?status=1
[2026-08-06T20:23:33.054Z] GET /api/media?status=1
[2026-08-06T20:23:33.059Z] GET /api/media?status=1
[2026-08-06T20:23:33.061Z] GET /api/media?status=1
[2026-08-06T20:23:33.062Z] POST /api/intel/osint_intel
[2026-08-06T20:23:33.062Z] GET /api/media?status=1
[2026-08-06T20:23:33.073Z] GET /api/media?status=1
[2026-08-06T20:23:33.082Z] GET /api/media?status=1
[2026-08-06T20:23:33.084Z] GET /api/media?status=1
[2026-08-06T20:23:33.086Z] GET /api/media?status=1
[2026-08-06T20:23:33.088Z] GET /api/media?status=1
[2026-08-06T20:23:33.090Z] GET /api/media?status=1
[2026-08-06T20:23:33.093Z] GET /api/media?status=1
[2026-08-06T20:23:33.095Z] GET /api/media?status=1
[2026-08-06T20:23:33.097Z] GET /api/media?status=1
[2026-08-06T20:23:33.099Z] GET /api/media?status=1
[2026-08-06T20:23:33.101Z] GET /api/media?status=1
[2026-08-06T20:23:33.103Z] GET /api/media?status=1
[2026-08-06T20:23:33.105Z] POST /api/intel/osint_intel
[2026-08-06T20:23:33.105Z] GET /api/media?status=1
[2026-08-06T20:23:33.112Z] POST /api/intel/osint_intel
[2026-08-06T20:23:33.123Z] GET /api/media?status=1
[2026-08-06T20:23:33.125Z] GET /api/media?status=1
[2026-08-06T20:23:33.127Z] GET /api/media?status=1
[2026-08-06T20:23:33.128Z] GET /api/media?status=1
[2026-08-06T20:23:33.131Z] GET /api/media?status=1
[2026-08-06T20:23:33.132Z] POST /api/intel/osint_intel
[2026-08-06T20:23:33.151Z] GET /api/media?status=1
[2026-08-06T20:23:33.153Z] GET /api/media?status=1
[2026-08-06T20:23:33.155Z] GET /api/media?status=1
[2026-08-06T20:23:33.157Z] GET /api/media?status=1
[2026-08-06T20:23:33.158Z] GET /api/media?status=1
[2026-08-06T20:23:33.160Z] GET /api/media?status=1
[2026-08-06T20:23:33.162Z] GET /api/media?status=1
[2026-08-06T20:23:33.165Z] POST /api/intel/osint_intel
[2026-08-06T20:23:33.165Z] GET /api/media?status=1
[2026-08-06T20:23:33.167Z] GET /api/media?status=1
[2026-08-06T20:23:33.172Z] GET /api/media?status=1
[2026-08-06T20:23:33.176Z] GET /api/media?status=1
[2026-08-06T20:23:33.177Z] GET /api/sources
[2026-08-06T20:23:33.178Z] GET /api/media?status=1
