========================================
  海外利益保护情报预警平台 - 后端服务
  版本: 2.0.0 (PostgreSQL)
  端口: 3000
  环境: development
========================================
[DB] 连接成功: 2026-07-27T18:49:15.795Z
[LIVE] 生成实时情报: [实时] 泰国 - 监测到异常武装活动信号
[2026-07-27T18:49:46.378Z] POST /api/login
[DB] 慢查询 214ms: INSERT INTO intel_data (data_type, title, country, location, event_date, severit
[LIVE] 生成实时情报: [实时] 刚果(金) - 政局出现不稳定迹象
[LIVE] 生成实时情报: [实时] 肯尼亚 - 域外势力介入迹象明显
[DB] 慢查询 155ms: INSERT INTO intel_data (data_type, title, country, location, event_date, severit
[LIVE] 生成实时情报: [实时] 尼日利亚 - 政府发布紧急安全通告
[LIVE] 生成实时情报: [实时] 尼日利亚 - 本币汇率出现剧烈波动
[LIVE] 生成实时情报: [实时] 马里 - 监测到异常武装活动信号
[DB] 慢查询 136ms: INSERT INTO intel_data (data_type, title, country, location, event_date, severit
[LIVE] 生成实时情报: [实时] 肯尼亚 - 战略通道安全受威胁
[2026-07-27T18:55:53.182Z] POST /api/login
[LIVE] 生成实时情报: [实时] 阿富汗 - 政局出现不稳定迹象
[2026-07-27T18:56:29.681Z] POST /api/auth/login
[2026-07-27T18:56:29.780Z] GET /api/stream?token=eyJhbGciOiJIUzI1NiIsInR5cCI6IkpXVCJ9.eyJpZCI6IjEiLCJ1c2VybmFtZSI6ImFkbWluIiwicm9sZSI6ImFkbWluIiwiaWF0IjoxNzg1MTc4NTg5LCJleHAiOjE3ODUyNjQ5ODl9.Vo15oYF6Du7VeP7uCd3HXCWc62TDYiztlyqq9lTdWFw
[2026-07-27T18:57:16.005Z] GET /api/health
[DB] 慢查询 220ms: INSERT INTO intel_data (data_type, title, country, location, event_date, severit
[LIVE] 生成实时情报: [实时] 伊朗 - 周边地缘局势趋紧
[DB] 连接成功: 2026-07-27T18:57:16.053Z
[2026-07-27T18:58:07.468Z] GET /api/health
[DB] 连接成功: 2026-07-27T18:58:07.513Z
[LIVE] 生成实时情报: [实时] 伊拉克 - 战略通道安全受威胁
[2026-07-27T18:59:01.948Z] PUT /api/collected/security_events
[DB] 慢查询 155ms: INSERT INTO intel_data (data_type, title, country, location, event_date, severit
[LIVE] 生成实时情报: [实时] 刚果(金) - 不明武装组织接近项目营地
[2026-07-27T18:59:23.802Z] POST /api/intel/terror_events
[2026-07-27T18:59:23.804Z] PUT /api/collected/terror_events
[2026-07-27T18:59:23.805Z] POST /api/intel/security_events
[2026-07-27T18:59:23.807Z] POST /api/intel/security_events
[2026-07-27T18:59:23.807Z] POST /api/intel/political_events
[2026-07-27T18:59:23.808Z] POST /api/intel/military_conflicts
[2026-07-27T18:59:23.809Z] PUT /api/collected/security_events
[2026-07-27T18:59:23.809Z] POST /api/intel/political_events
[2026-07-27T18:59:23.810Z] PUT /api/collected/military_conflicts
[2026-07-27T18:59:23.811Z] POST /api/intel/geopolitical_intel
[2026-07-27T18:59:23.812Z] POST /api/intel/geopolitical_intel
[2026-07-27T18:59:23.813Z] PUT /api/collected/political_events
[2026-07-27T18:59:23.813Z] PUT /api/collected/geopolitical_intel
[2026-07-27T18:59:49.779Z] GET /api/health
[DB] 连接成功: 2026-07-27T18:59:49.821Z
[2026-07-27T18:59:49.913Z] GET /api/health
[DB] 连接成功: 2026-07-27T18:59:49.914Z
[2026-07-27T18:59:50.103Z] GET /api/health
[DB] 连接成功: 2026-07-27T18:59:50.104Z
[2026-07-27T18:59:50.267Z] GET /api/health
[DB] 连接成功: 2026-07-27T18:59:50.268Z
[2026-07-27T18:59:50.419Z] GET /api/health
[DB] 连接成功: 2026-07-27T18:59:50.419Z
[2026-07-27T18:59:51.516Z] GET /api/health
[DB] 连接成功: 2026-07-27T18:59:51.517Z
[2026-07-27T18:59:51.688Z] GET /api/health
[DB] 连接成功: 2026-07-27T18:59:51.689Z
[2026-07-27T18:59:51.882Z] GET /api/health
[DB] 连接成功: 2026-07-27T18:59:51.883Z
[2026-07-27T18:59:52.034Z] GET /api/health
[DB] 连接成功: 2026-07-27T18:59:52.035Z
[2026-07-27T18:59:56.344Z] GET /api/health
[DB] 连接成功: 2026-07-27T18:59:56.345Z
[LIVE] 生成实时情报: [实时] 泰国 - 不明武装组织接近项目营地
[2026-07-27T19:00:56.950Z] GET /api/health
[DB] 连接成功: 2026-07-27T19:00:56.996Z
[2026-07-27T19:00:57.057Z] GET /api/health
[DB] 连接成功: 2026-07-27T19:00:57.057Z
[2026-07-27T19:00:57.131Z] GET /api/health
[DB] 连接成功: 2026-07-27T19:00:57.132Z
[2026-07-27T19:00:57.259Z] GET /api/health
[DB] 连接成功: 2026-07-27T19:00:57.260Z
[2026-07-27T19:00:57.431Z] GET /api/health
[DB] 连接成功: 2026-07-27T19:00:57.432Z
[2026-07-27T19:00:57.565Z] GET /api/health
[DB] 连接成功: 2026-07-27T19:00:57.566Z
[2026-07-27T19:00:59.392Z] GET /api/health
[DB] 连接成功: 2026-07-27T19:00:59.392Z
[2026-07-27T19:00:59.568Z] GET /api/health
[DB] 连接成功: 2026-07-27T19:00:59.568Z
[2026-07-27T19:00:59.750Z] GET /api/health
[DB] 连接成功: 2026-07-27T19:00:59.750Z
[2026-07-27T19:01:05.037Z] GET /api/health
[DB] 连接成功: 2026-07-27T19:01:05.037Z
[2026-07-27T19:01:05.265Z] GET /api/health
[DB] 连接成功: 2026-07-27T19:01:05.266Z
[2026-07-27T19:01:05.430Z] GET /api/health
[DB] 连接成功: 2026-07-27T19:01:05.430Z
[LIVE] 生成实时情报: [实时] 刚果(金) - 通信中断疑似网络攻击
[LIVE] 生成实时情报: [实时] 尼日利亚 - 政府发布紧急安全通告
[LIVE] 生成实时情报: [实时] 刚果(金) - 外资流出风险加大
[2026-07-27T19:03:42.961Z] PUT /api/collected/military_conflicts
[LIVE] 生成实时情报: [实时] 缅甸 - 外交关系出现紧张信号
[2026-07-27T19:05:09.033Z] PUT /api/collected/political_events
[LIVE] 生成实时情报: [实时] 缅甸 - 债务违约风险预警
[LIVE] 生成实时情报: [实时] 孟加拉国 - 本币汇率出现剧烈波动
[DB] 慢查询 152ms: INSERT INTO intel_data (data_type, title, country, location, event_date, severit
[LIVE] 生成实时情报: [实时] 印度 - 反对派示威规模扩大
[2026-07-27T19:07:33.951Z] PUT /api/collected/natural_disasters
[LIVE] 生成实时情报: [实时] 印度 - 通胀压力持续上升
[DB] 慢查询 213ms: INSERT INTO intel_data (data_type, title, country, location, event_date, severit
[LIVE] 生成实时情报: [实时] 孟加拉国 - 政局出现不稳定迹象
[2026-07-27T19:09:21.950Z] PUT /api/collected/public_health
[DB] 慢查询 126ms: INSERT INTO intel_data (data_type, title, country, location, event_date, severit
[LIVE] 生成实时情报: [实时] 秘鲁 - 本币汇率出现剧烈波动
